###############################################################################
#
# IAR ELF Linker V9.10.1.308/W64 for ARM                  19/Apr/2022  12:57:50
# Copyright 2007-2021 IAR Systems AB.
#
#    Output file  =  build/test/out/test_mpbDigitalFilteringRclp.out
#    Map file     =  build/test/tests.map
#    Command line =
#        --vfe --redirect _Printf=_PrintfFull --redirect _Scanf=_ScanfFull
#        --semihosting --config "C:\Program Files\IAR Systems\Embedded
#        Workbench 9.0\arm\config\generic_cortex.icf" --map
#        build/test/tests.map -o
#        build/test/out/test_mpbDigitalFilteringRclp.out
#        build/test/out/c/test_mpbDigitalFilteringRclp_runner.o
#        build/test/out/c/test_mpbDigitalFilteringRclp.o
#        build/test/out/c/mock_mpbMathDivision.o build/test/out/c/unity.o
#        build/test/out/c/mpbDigitalFilteringRclp.o build/test/out/c/cmock.o
#
###############################################################################

*******************************************************************************
*** RUNTIME MODEL ATTRIBUTES
***

CppFlavor                   = *
__Heap_Handler              = Basic
__SystemLibrary             = DLib
__dlib_jmp_buf_num_elements = 8
__dlib_version              = 6


*******************************************************************************
*** HEAP SELECTION
***

The basic heap was selected because some modules are built with
size limitations (and not runtime checking), and --advanced_heap
was not specified.


*******************************************************************************
*** PLACEMENT SUMMARY
***

"A0":  place at address 0x0 { ro section .intvec };
"P1":  place in [from 0x0 to 0x7'ffff] { ro };
define block CSTACK with size = 1K, alignment = 8 { };
define block PROC_STACK with size = 0, alignment = 8 { };
define block HEAP with size = 2K, alignment = 8 { };
"P2":  place in [from 0x2000'0000 to 0x2000'ffff] {
          rw, block CSTACK, block PROC_STACK, block HEAP };
initialize by copy { rw };

  Section            Kind         Address    Size  Object
  -------            ----         -------    ----  ------
"A0":                                        0x40
  .intvec            ro code          0x0    0x40  vector_table_M.o [4]
                                   - 0x40    0x40

"P1":                                      0x4a97
  .text              ro code         0x40  0x10d0  test_mpbDigitalFilteringRclp.o [1]
  .text              ro code       0x1110   0xb10  mock_mpbMathDivision.o [1]
  .text              ro code       0x1c20   0x1fe  mpbDigitalFilteringRclp.o [1]
  .text              ro code       0x1e1e    0x76  lz77_init_single.o [4]
  .text              ro code       0x1e94   0xa98  unity.o [1]
  .text              ro code       0x292c    0x68  DblToFlt.o [3]
  .text              ro code       0x2994    0xd8  FltMul.o [3]
  .text              ro code       0x2a6c   0x108  cmock.o [1]
  .text              ro code       0x2b74    0x66  ABImemset.o [4]
  .text              ro code       0x2bda     0x2  vectortrap_M.o [4]
  .text              ro code       0x2bdc    0x76  ABImemcpy_unaligned.o [4]
  .text              ro code       0x2c54    0x48  FltToDbl.o [3]
  .text              ro code       0x2c9c   0x25e  DblAddSub.o [3]
  .text              ro code       0x2efc    0x1c  U32ToDbl.o [3]
  .text              ro code       0x2f18     0xc  putchar.o [2]
  .text              ro code       0x2f24    0x28  FltCmpLe.o [3]
  .text              ro code       0x2f4c    0x1c  FltCmpEq.o [3]
  .text              ro code       0x2f68   0x118  FltDiv.o [3]
  .text              ro code       0x3080    0x40  unity.o [1]
  .text              ro code       0x30c0    0x28  FltCmpGe.o [3]
  .text              ro code       0x30e8   0x16e  FltAddSub.o [3]
  .text              ro code       0x3258    0x26  FltToS32.o [3]
  .text              ro code       0x3280    0x24  setjmp.o [3]
  .text              ro code       0x32a4    0x56  fputc.o [2]
  .text              ro code       0x32fa    0xb4  xfwprep.o [2]
  .text              ro code       0x33b0    0xac  fflush.o [2]
  .text              ro code       0x345c   0x13c  heap0.o [2]
  .text              ro code       0x3598    0x24  fseek.o [2]
  .text              ro code       0x35bc    0x10  write.o [5]
  .text              ro code       0x35cc    0x2c  xgetmemchunk.o [2]
  .text              ro code       0x35f8    0xd8  xfspos.o [2]
  .text              ro code       0x36d0    0x1e  dwrite.o [5]
  .text              ro code       0x36ee     0xc  xfgpos.o [2]
  .text              ro code       0x36fa    0x4e  lseek.o [5]
  .text              ro code       0x3748    0x20  iarwstd.o [5]
  .text              ro code       0x3768    0x22  iarwrite.o [5]
  .text              ro code       0x378c    0xcc  XShHandles.o [2]
  .text              ro code       0x3858    0x7c  iarttio.o [5]
  .text              ro code       0x38d4     0x8  XShttio.o [2]
  .text              ro code       0x38dc   0x6f8  test_mpbDigitalFilteringRclp_runner.o [1]
  .text              ro code       0x3fd4    0x9c  xfofind.o [2]
  .text              ro code       0x4070     0x4  heaptramp0.o [2]
  .text              ro code       0x4074    0x7e  fclose.o [2]
  .text              ro code       0x40f2    0x18  close.o [5]
  .text              ro code       0x410a    0x14  remove.o [5]
  .text              ro code       0x4120    0x36  strlen.o [4]
  .text              ro code       0x4158    0x40  xcloseall.o [2]
  .rodata            const         0x4198    0x38  test_mpbDigitalFilteringRclp_runner.o [1]
  .rodata            const         0x41d0    0x38  test_mpbDigitalFilteringRclp_runner.o [1]
  .rodata            const         0x4208    0x38  unity.o [1]
  .text              ro code       0x4240    0x38  zero_init3.o [4]
  .rodata            const         0x4278    0x34  test_mpbDigitalFilteringRclp_runner.o [1]
  .rodata            const         0x42ac    0x34  test_mpbDigitalFilteringRclp_runner.o [1]
  .rodata            const         0x42e0    0x34  test_mpbDigitalFilteringRclp_runner.o [1]
  .rodata            const         0x4314    0x34  cmock.o [1]
  .rodata            const         0x4348    0x30  test_mpbDigitalFilteringRclp_runner.o [1]
  .rodata            const         0x4378    0x30  test_mpbDigitalFilteringRclp_runner.o [1]
  .rodata            const         0x43a8    0x30  test_mpbDigitalFilteringRclp_runner.o [1]
  .rodata            const         0x43d8    0x30  test_mpbDigitalFilteringRclp_runner.o [1]
  .rodata            const         0x4408    0x30  test_mpbDigitalFilteringRclp_runner.o [1]
  .rodata            const         0x4438    0x30  test_mpbDigitalFilteringRclp_runner.o [1]
  .rodata            const         0x4468    0x30  test_mpbDigitalFilteringRclp_runner.o [1]
  .rodata            const         0x4498    0x30  test_mpbDigitalFilteringRclp_runner.o [1]
  .rodata            const         0x44c8    0x30  test_mpbDigitalFilteringRclp_runner.o [1]
  .rodata            const         0x44f8    0x30  test_mpbDigitalFilteringRclp_runner.o [1]
  .rodata            const         0x4528    0x30  test_mpbDigitalFilteringRclp_runner.o [1]
  .rodata            const         0x4558    0x30  test_mpbDigitalFilteringRclp_runner.o [1]
  .rodata            const         0x4588    0x30  cmock.o [1]
  .rodata            const         0x45b8    0x2c  test_mpbDigitalFilteringRclp_runner.o [1]
  .rodata            const         0x45e4    0x2c  test_mpbDigitalFilteringRclp_runner.o [1]
  .rodata            const         0x4610    0x2c  test_mpbDigitalFilteringRclp_runner.o [1]
  .rodata            const         0x463c    0x28  test_mpbDigitalFilteringRclp_runner.o [1]
  .rodata            const         0x4664    0x28  test_mpbDigitalFilteringRclp_runner.o [1]
  .text              ro code       0x468c    0x28  data_init.o [4]
  .rodata            const         0x46b4    0x24  cmock.o [1]
  .rodata            const         0x46d8    0x24  cmock.o [1]
  .rodata            const         0x46fc    0x24  cmock.o [1]
  .iar.init_table    const         0x4720    0x20  - Linker created -
  .rodata            const         0x4740    0x20  test_mpbDigitalFilteringRclp_runner.o [1]
  .rodata            const         0x4760    0x20  unity.o [1]
  .rodata            const         0x4780    0x20  cmock.o [1]
  .rodata            const         0x47a0    0x20  cmock.o [1]
  .text              ro code       0x47c0    0x1e  cmain.o [4]
  .text              ro code       0x47de     0x4  low_level_init.o [2]
  .text              ro code       0x47e2     0x4  exit.o [2]
  .text              ro code       0x47e8     0xe  cexit.o [4]
  .text              ro code       0x47f8    0x14  exit.o [5]
  .rodata            const         0x480c    0x1c  unity.o [1]
  .rodata            const         0x4828    0x1c  cmock.o [1]
  .text              ro code       0x4844    0x1c  cstartup_M.o [4]
  .rodata            const         0x4860    0x18  mock_mpbMathDivision.o [1]
  .rodata            const         0x4878    0x18  mock_mpbMathDivision.o [1]
  .rodata            const         0x4890    0x18  unity.o [1]
  .rodata            const         0x48a8    0x14  mock_mpbMathDivision.o [1]
  .rodata            const         0x48bc    0x14  mock_mpbMathDivision.o [1]
  .rodata            const         0x48d0    0x14  mock_mpbMathDivision.o [1]
  .rodata            const         0x48e4    0x14  mock_mpbMathDivision.o [1]
  .rodata            const         0x48f8    0x14  unity.o [1]
  .rodata            const         0x490c    0x14  cmock.o [1]
  .rodata            const         0x4920    0x10  mock_mpbMathDivision.o [1]
  .rodata            const         0x4930    0x10  mock_mpbMathDivision.o [1]
  .rodata            const         0x4940    0x10  mock_mpbMathDivision.o [1]
  .rodata            const         0x4950    0x10  mock_mpbMathDivision.o [1]
  .rodata            const         0x4960    0x10  cmock.o [1]
  .rodata            const         0x4970     0xc  mock_mpbMathDivision.o [1]
  .rodata            const         0x497c     0xc  mock_mpbMathDivision.o [1]
  .rodata            const         0x4988     0xc  mock_mpbMathDivision.o [1]
  .rodata            const         0x4994     0xc  mock_mpbMathDivision.o [1]
  .rodata            const         0x49a0     0xc  mock_mpbMathDivision.o [1]
  .rodata            const         0x49ac     0xc  unity.o [1]
  .rodata            const         0x49b8     0xc  unity.o [1]
  .rodata            const         0x49c4     0xc  unity.o [1]
  .rodata            const         0x49d0     0xc  unity.o [1]
  .rodata            const         0x49dc     0xc  unity.o [1]
  .rodata            const         0x49e8     0xc  unity.o [1]
  .rodata            const         0x49f4     0x8  unity.o [1]
  .rodata            const         0x49fc     0x8  unity.o [1]
  .rodata            const         0x4a04     0x8  unity.o [1]
  .rodata            const         0x4a0c     0x8  unity.o [1]
  .rodata            const         0x4a14     0x8  unity.o [1]
  .rodata            const         0x4a1c     0x4  unity.o [1]
  .rodata            const         0x4a20     0x4  unity.o [1]
  .text              ro code       0x4a24     0x0  cstart_closeall.o [4]
  .rodata            const         0x4a24     0x0  zero_init3.o [4]
  .rodata            const         0x4a24     0x0  lz77_init_single.o [4]
  Initializer bytes  const         0x4a24    0xb3  <for P2-1>
                                 - 0x4ad7  0x4a97

"P2", part 1 of 3:                          0x168
  P2-1                        0x2000'0000   0x168  <Init block>
    .data            inited   0x2000'0000     0x4  mock_mpbMathDivision.o [1]
    .data            inited   0x2000'0004     0x4  mock_mpbMathDivision.o [1]
    .data            inited   0x2000'0008     0x4  mock_mpbMathDivision.o [1]
    .data            inited   0x2000'000c     0x4  mock_mpbMathDivision.o [1]
    .data            inited   0x2000'0010     0x4  mock_mpbMathDivision.o [1]
    .data            inited   0x2000'0014     0x4  mock_mpbMathDivision.o [1]
    .data            inited   0x2000'0018     0x4  mock_mpbMathDivision.o [1]
    .data            inited   0x2000'001c     0x4  mock_mpbMathDivision.o [1]
    .data            inited   0x2000'0020     0x4  mock_mpbMathDivision.o [1]
    .data            inited   0x2000'0024     0x4  mock_mpbMathDivision.o [1]
    .data            inited   0x2000'0028     0x4  mock_mpbMathDivision.o [1]
    .data            inited   0x2000'002c     0x4  mock_mpbMathDivision.o [1]
    .data            inited   0x2000'0030     0x4  mock_mpbMathDivision.o [1]
    .data            inited   0x2000'0034     0x4  mock_mpbMathDivision.o [1]
    .data            inited   0x2000'0038     0x4  mock_mpbMathDivision.o [1]
    .data            inited   0x2000'003c     0x4  cmock.o [1]
    .data            inited   0x2000'0040     0x4  cmock.o [1]
    .data            inited   0x2000'0044     0x4  cmock.o [1]
    .data            inited   0x2000'0048     0x4  cmock.o [1]
    .data            inited   0x2000'004c     0x4  cmock.o [1]
    .data            inited   0x2000'0050     0x4  cmock.o [1]
    .data            inited   0x2000'0054     0x4  cmock.o [1]
    .data            inited   0x2000'0058     0x4  cmock.o [1]
    .data            inited   0x2000'005c     0x4  cmock.o [1]
    .data            inited   0x2000'0060     0x4  cmock.o [1]
    .data            inited   0x2000'0064     0x4  cmock.o [1]
    .data            inited   0x2000'0068    0x48  xfiles.o [2]
    .data            inited   0x2000'00b0    0x48  xfiles.o [2]
    .data            inited   0x2000'00f8    0x48  xfiles.o [2]
    .data            inited   0x2000'0140    0x20  xfiles.o [2]
    .data            inited   0x2000'0160     0x8  XShttio.o [2]
                            - 0x2000'0168   0x168

"P2", part 2 of 3:                         0x8220
  .bss               zero     0x2000'0168  0x8000  cmock.o [1]
  .bss               zero     0x2000'8168    0x80  XShHandles.o [2]
  .bss               zero     0x2000'81e8    0x78  mock_mpbMathDivision.o [1]
  .bss               zero     0x2000'8260    0x68  unity.o [1]
  .bss               zero     0x2000'82c8    0x50  xfiles.o [2]
  .bss               zero     0x2000'8318    0x50  xfiles.o [2]
  .bss               zero     0x2000'8368     0x8  heap0.o [2]
  .bss               zero     0x2000'8370     0x4  test_mpbDigitalFilteringRclp_runner.o [1]
  .bss               zero     0x2000'8374     0x4  test_mpbDigitalFilteringRclp_runner.o [1]
  .bss               zero     0x2000'8378     0x4  test_mpbDigitalFilteringRclp_runner.o [1]
  .bss               zero     0x2000'837c     0x4  cmock.o [1]
  .bss               zero     0x2000'8380     0x4  xgetmemchunk.o [2]
  .bss               zero     0x2000'8384     0x1  test_mpbDigitalFilteringRclp.o [1]
                            - 0x2000'8385  0x821d

"P2", part 3 of 3:                          0xc00
  CSTACK                      0x2000'8388   0x400  <Block>
    CSTACK           uninit   0x2000'8388   0x400  <Block tail>
  HEAP                        0x2000'8788   0x800  <Block>
    HEAP             uninit   0x2000'8788   0x800  <Block tail>
                            - 0x2000'8f88   0xc00

Unused ranges:

         From           To      Size
         ----           --      ----
       0x4ad7     0x7'ffff  0x7'b529
  0x2000'8f88  0x2000'ffff    0x7078


*******************************************************************************
*** INIT TABLE
***

          Address      Size
          -------      ----
Zero (__iar_zero_init3)
    1 destination range, total size 0x821d:
          0x2000'0168  0x821d

Copy/lz77 (__iar_lz77_init_single3)
    1 source range, total size 0xb3 (49% of destination):
               0x4a24    0xb3
    1 destination range, total size 0x168:
          0x2000'0000   0x168



*******************************************************************************
*** MODULE SUMMARY
***

    Module                                 ro code  ro data  rw data
    ------                                 -------  -------  -------
command line/config:
    ----------------------------------------------------------------
    Total:

C:\mpbComponent\mpbDigitalFiltering\UnitTestFramework\build\test\out\c: [1]
    cmock.o                                    264      358   32'816
    mock_mpbMathDivision.o                   2'832      281      180
    mpbDigitalFilteringRclp.o                  510
    test_mpbDigitalFilteringRclp.o           4'304                 1
    test_mpbDigitalFilteringRclp_runner.o    1'784    1'088       12
    unity.o                                  2'776      280      104
    ----------------------------------------------------------------
    Total:                                  12'470    2'007   33'113

dl7M_tlf.a: [2]
    XShHandles.o                               204               128
    XShttio.o                                    8        4        8
    exit.o                                       4
    fclose.o                                   126
    fflush.o                                   172
    fputc.o                                     86
    fseek.o                                     36
    heap0.o                                    316                 8
    heaptramp0.o                                 4
    low_level_init.o                             4
    putchar.o                                   12
    xcloseall.o                                 64
    xfgpos.o                                    12
    xfiles.o                                            124      408
    xfofind.o                                  156
    xfspos.o                                   216
    xfwprep.o                                  180
    xgetmemchunk.o                              44                 4
    ----------------------------------------------------------------
    Total:                                   1'644      128      556

m7M_tl.a: [3]
    DblAddSub.o                                606
    DblToFlt.o                                 104
    FltAddSub.o                                366
    FltCmpEq.o                                  28
    FltCmpGe.o                                  40
    FltCmpLe.o                                  40
    FltDiv.o                                   280
    FltMul.o                                   216
    FltToDbl.o                                  72
    FltToS32.o                                  38
    U32ToDbl.o                                  28
    setjmp.o                                    36
    ----------------------------------------------------------------
    Total:                                   1'854

rt7M_tl.a: [4]
    ABImemcpy_unaligned.o                      118
    ABImemset.o                                102
    cexit.o                                     14
    cmain.o                                     30
    cstart_closeall.o
    cstartup_M.o                                28
    data_init.o                                 40
    lz77_init_single.o                         118
    strlen.o                                    54
    vector_table_M.o                            64
    vectortrap_M.o                               2
    zero_init3.o                                56
    ----------------------------------------------------------------
    Total:                                     626

shb_l.a: [5]
    close.o                                     24
    dwrite.o                                    30
    exit.o                                      20
    iarttio.o                                  124
    iarwrite.o                                  34
    iarwstd.o                                   32
    lseek.o                                     78
    remove.o                                    20
    write.o                                     16
    ----------------------------------------------------------------
    Total:                                     378

    Gaps                                        20
    Linker created                                       32    3'072
--------------------------------------------------------------------
    Grand Total:                            16'992    2'167   36'741


*******************************************************************************
*** ENTRY LIST
***

Entry                       Address    Size  Type      Object
-----                       -------    ----  ----      ------
.iar.init_table$$Base        0x4720           --   Gb  - Linker created -
.iar.init_table$$Limit       0x4740           --   Gb  - Linker created -
?main                        0x47c1          Code  Gb  cmain.o [4]
Aldata                  0x2000'8368     0x8  Data  Lc  heap0.o [2]
BusFault_Handler             0x2bdb          Code  Wk  vectortrap_M.o [4]
CMockExpectParameters_eMpbMathDivisionDouble
                             0x17bf    0x2a  Code  Gb  mock_mpbMathDivision.o [1]
CMockExpectParameters_eMpbMathDivisionS64
                             0x1aa5    0x3c  Code  Gb  mock_mpbMathDivision.o [1]
CMockExpectParameters_eMpbMathDivisionU32
                             0x144d    0x20  Code  Gb  mock_mpbMathDivision.o [1]
CMockStringCalledEarly  0x2000'0048     0x4  Data  Gb  cmock.o [1]
CMockStringCalledLate   0x2000'004c     0x4  Data  Gb  cmock.o [1]
CMockStringCalledLess   0x2000'0044     0x4  Data  Gb  cmock.o [1]
CMockStringCalledMore   0x2000'0040     0x4  Data  Gb  cmock.o [1]
CMockStringExpNULL      0x2000'005c     0x4  Data  Gb  cmock.o [1]
CMockStringIgnPreExp    0x2000'0050     0x4  Data  Gb  cmock.o [1]
CMockStringMismatch     0x2000'0060     0x4  Data  Gb  cmock.o [1]
CMockStringOutOfMemory  0x2000'003c     0x4  Data  Gb  cmock.o [1]
CMockStringPtrIsNULL    0x2000'0058     0x4  Data  Gb  cmock.o [1]
CMockStringPtrPreExp    0x2000'0054     0x4  Data  Gb  cmock.o [1]
CMockString_eMpbMathDivisionDouble
                        0x2000'0000     0x4  Data  Lc  mock_mpbMathDivision.o [1]
CMockString_eMpbMathDivisionFloat
                        0x2000'0004     0x4  Data  Lc  mock_mpbMathDivision.o [1]
CMockString_eMpbMathDivisionS32
                        0x2000'0008     0x4  Data  Lc  mock_mpbMathDivision.o [1]
CMockString_eMpbMathDivisionS64
                        0x2000'000c     0x4  Data  Lc  mock_mpbMathDivision.o [1]
CMockString_eMpbMathDivisionU32
                        0x2000'0010     0x4  Data  Lc  mock_mpbMathDivision.o [1]
CMockString_eMpbMathDivisionU64
                        0x2000'0014     0x4  Data  Lc  mock_mpbMathDivision.o [1]
CMockString_fdDenominator
                        0x2000'0018     0x4  Data  Lc  mock_mpbMathDivision.o [1]
CMockString_fdNumerator
                        0x2000'001c     0x4  Data  Lc  mock_mpbMathDivision.o [1]
CMockString_pfdResult   0x2000'0020     0x4  Data  Lc  mock_mpbMathDivision.o [1]
CMockString_psllResult  0x2000'0024     0x4  Data  Lc  mock_mpbMathDivision.o [1]
CMockString_pulResult   0x2000'0028     0x4  Data  Lc  mock_mpbMathDivision.o [1]
CMockString_sllDenominator
                        0x2000'002c     0x4  Data  Lc  mock_mpbMathDivision.o [1]
CMockString_sllNumerator
                        0x2000'0030     0x4  Data  Lc  mock_mpbMathDivision.o [1]
CMockString_ulDenominator
                        0x2000'0034     0x4  Data  Lc  mock_mpbMathDivision.o [1]
CMockString_ulNumerator
                        0x2000'0038     0x4  Data  Lc  mock_mpbMathDivision.o [1]
CMock_Destroy                0x3905     0x8  Code  Lc  test_mpbDigitalFilteringRclp_runner.o [1]
CMock_Guts_BufferArray  0x2000'0168  0x8000  Data  Lc  cmock.o [1]
CMock_Guts_BufferSize   0x2000'0064     0x4  Data  Lc  cmock.o [1]
CMock_Guts_FreePtr      0x2000'837c     0x4  Data  Lc  cmock.o [1]
CMock_Guts_GetAddressFor
                             0x2b43    0x16  Code  Gb  cmock.o [1]
CMock_Guts_MemChain          0x2aaf    0x58  Code  Gb  cmock.o [1]
CMock_Guts_MemEndOfChain
                             0x2b2d    0x16  Code  Gb  cmock.o [1]
CMock_Guts_MemFreeAll        0x2b59     0x8  Code  Gb  cmock.o [1]
CMock_Guts_MemFreeFinal
                             0x2b61     0x8  Code  Gb  cmock.o [1]
CMock_Guts_MemNew            0x2a6d    0x42  Code  Gb  cmock.o [1]
CMock_Guts_MemNext           0x2b07    0x26  Code  Gb  cmock.o [1]
CMock_Init                   0x38dd    0x20  Code  Lc  test_mpbDigitalFilteringRclp_runner.o [1]
CMock_Verify                 0x38fd     0x8  Code  Lc  test_mpbDigitalFilteringRclp_runner.o [1]
CSTACK$$Base            0x2000'8388           --   Gb  - Linker created -
CSTACK$$Limit           0x2000'8788           --   Gb  - Linker created -
DebugMon_Handler             0x2bdb          Code  Wk  vectortrap_M.o [4]
GlobalExpectCount       0x2000'8370     0x4  Data  Gb  test_mpbDigitalFilteringRclp_runner.o [1]
GlobalOrderError        0x2000'8378     0x4  Data  Gb  test_mpbDigitalFilteringRclp_runner.o [1]
GlobalVerifyOrder       0x2000'8374     0x4  Data  Gb  test_mpbDigitalFilteringRclp_runner.o [1]
HEAP$$Base              0x2000'8788           --   Gb  - Linker created -
HEAP$$Limit             0x2000'8f88           --   Gb  - Linker created -
HardFault_Handler            0x2bdb          Code  Wk  vectortrap_M.o [4]
MemManage_Handler            0x2bdb          Code  Wk  vectortrap_M.o [4]
Mock                    0x2000'81e8    0x78  Data  Lc  mock_mpbMathDivision.o [1]
NMI_Handler                  0x2bdb          Code  Wk  vectortrap_M.o [4]
PendSV_Handler               0x2bdb          Code  Wk  vectortrap_M.o [4]
Region$$Table$$Base          0x4720           --   Gb  - Linker created -
Region$$Table$$Limit         0x4740           --   Gb  - Linker created -
SVC_Handler                  0x2bdb          Code  Wk  vectortrap_M.o [4]
SysTick_Handler              0x2bdb          Code  Wk  vectortrap_M.o [4]
Unity                   0x2000'8260    0x68  Data  Gb  unity.o [1]
UnityAddMsgIfSpecified       0x221f    0x4c  Code  Lc  unity.o [1]
UnityAssertEqualFloatArray
                             0x2527    0xf8  Code  Gb  unity.o [1]
UnityAssertEqualIntArray
                             0x2325   0x12a  Code  Gb  unity.o [1]
UnityAssertEqualMemory       0x26b9   0x124  Code  Gb  unity.o [1]
UnityAssertEqualNumber       0x22c1    0x64  Code  Gb  unity.o [1]
UnityAssertFloatsWithin
                             0x261f    0x5e  Code  Gb  unity.o [1]
UnityBegin                   0x2861    0x2a  Code  Gb  unity.o [1]
UnityConcludeTest            0x21dd    0x42  Code  Gb  unity.o [1]
UnityEnd                     0x288b    0x5e  Code  Gb  unity.o [1]
UnityFail                    0x27e5    0x76  Code  Gb  unity.o [1]
UnityFloatsWithin            0x244f    0xd8  Code  Lc  unity.o [1]
UnityIsOneArrayNull          0x2279    0x48  Code  Lc  unity.o [1]
UnityPrint                   0x1e95    0x5e  Code  Gb  unity.o [1]
UnityPrintFloat              0x1fc7   0x1cc  Code  Gb  unity.o [1]
UnityPrintNumber             0x1f37    0x1a  Code  Gb  unity.o [1]
UnityPrintNumberByStyle
                             0x1ef3    0x44  Code  Gb  unity.o [1]
UnityPrintNumberHex          0x1f87    0x40  Code  Gb  unity.o [1]
UnityPrintNumberUnsigned
                             0x1f51    0x36  Code  Gb  unity.o [1]
UnityStrBreaker              0x4890    0x18  Data  Lc  unity.o [1]
UnityStrByte                 0x4a0c     0x8  Data  Lc  unity.o [1]
UnityStrDetail1Name          0x49dc     0xc  Data  Lc  unity.o [1]
UnityStrDetail2Name          0x49e8     0xc  Data  Lc  unity.o [1]
UnityStrElement              0x49b8     0xc  Data  Lc  unity.o [1]
UnityStrExpected             0x49ac     0xc  Data  Lc  unity.o [1]
UnityStrFail                 0x49fc     0x8  Data  Lc  unity.o [1]
UnityStrMemory               0x48f8    0x14  Data  Lc  unity.o [1]
UnityStrNullPointerForActual
                             0x480c    0x1c  Data  Lc  unity.o [1]
UnityStrNullPointerForExpected
                             0x4760    0x20  Data  Lc  unity.o [1]
UnityStrOk                   0x4a1c     0x4  Data  Lc  unity.o [1]
UnityStrPass                 0x49f4     0x8  Data  Lc  unity.o [1]
UnityStrPointless            0x4208    0x38  Data  Lc  unity.o [1]
UnityStrResultsFailures
                             0x49c4     0xc  Data  Lc  unity.o [1]
UnityStrResultsIgnored       0x49d0     0xc  Data  Lc  unity.o [1]
UnityStrResultsTests         0x4a14     0x8  Data  Lc  unity.o [1]
UnityStrSpacer               0x4a20     0x4  Data  Lc  unity.o [1]
UnityStrWas                  0x4a04     0x8  Data  Lc  unity.o [1]
UnityTestResultsBegin        0x2193    0x2c  Code  Lc  unity.o [1]
UnityTestResultsFailBegin
                             0x21bf    0x1e  Code  Lc  unity.o [1]
UsageFault_Handler           0x2bdb          Code  Wk  vectortrap_M.o [4]
_Close_all                   0x4159    0x40  Code  Gb  xcloseall.o [2]
_Files                  0x2000'0140    0x20  Data  Gb  xfiles.o [2]
_Fofree                      0x3fd5    0x94  Code  Gb  xfofind.o [2]
_Fspos                       0x35f9    0xd8  Code  Gb  xfspos.o [2]
_Fwprep                      0x32fb    0xb4  Code  Gb  xfwprep.o [2]
_Nnl                         0x36ef     0xc  Code  Gb  xfgpos.o [2]
__aeabi_JMP_BUF_SIZE {Abs}
                                0x8           --   Gb  setjmp.o [3]
__aeabi_cfcmpeq              0x2f4d          Code  Gb  FltCmpEq.o [3]
__aeabi_cfcmple              0x2f25          Code  Gb  FltCmpLe.o [3]
__aeabi_cfrcmple             0x30c1          Code  Gb  FltCmpGe.o [3]
__aeabi_d2f                  0x292d          Code  Gb  DblToFlt.o [3]
__aeabi_dadd                 0x2c9d          Code  Gb  DblAddSub.o [3]
__aeabi_dsub                 0x2e19          Code  Gb  DblAddSub.o [3]
__aeabi_f2d                  0x2c55          Code  Gb  FltToDbl.o [3]
__aeabi_f2iz                 0x3259          Code  Gb  FltToS32.o [3]
__aeabi_fadd                 0x30e9          Code  Gb  FltAddSub.o [3]
__aeabi_fdiv                 0x2f69          Code  Gb  FltDiv.o [3]
__aeabi_fmul                 0x2995          Code  Gb  FltMul.o [3]
__aeabi_fsub                 0x31c9          Code  Gb  FltAddSub.o [3]
__aeabi_memset               0x2b75          Code  Gb  ABImemset.o [4]
__aeabi_ui2d                 0x2efd          Code  Gb  U32ToDbl.o [3]
__basic_free                 0x3509    0x16  Code  Gb  heap0.o [2]
__basic_free_intern          0x351f    0x74  Code  Lc  heap0.o [2]
__basic_malloc               0x345d    0x18  Code  Gb  heap0.o [2]
__basic_malloc_intern        0x3475    0x94  Code  Lc  heap0.o [2]
__cexit_closeall             0x47eb          Code  Gb  cexit.o [4]
__close                      0x40f3    0x18  Code  Gb  close.o [5]
__cmain                      0x47c1          Code  Gb  cmain.o [4]
__cstart_closeall            0x4a24          Data  Gb  cstart_closeall.o [4]
__data_GetMemChunk           0x35cd    0x2c  Code  Gb  xgetmemchunk.o [2]
__data_GetMemChunk::start
                        0x2000'8380     0x4  Data  Lc  xgetmemchunk.o [2]
__dwrite                     0x36d1    0x1e  Code  Gb  dwrite.o [5]
__exit                       0x47f9    0x14  Code  Gb  exit.o [5]
__iar_Memset                 0x2b75          Code  Gb  ABImemset.o [4]
__iar_Memset_word            0x2b7d          Code  Gb  ABImemset.o [4]
__iar_Stderr            0x2000'00f8    0x48  Data  Gb  xfiles.o [2]
__iar_Stdin             0x2000'0068    0x48  Data  Gb  xfiles.o [2]
__iar_Stdout            0x2000'00b0    0x48  Data  Gb  xfiles.o [2]
__iar_close_ttio             0x3859    0x2c  Code  Gb  iarttio.o [5]
__iar_data_init3             0x468d    0x28  Code  Gb  data_init.o [4]
__iar_get_ttio               0x3885    0x4c  Code  Gb  iarttio.o [5]
__iar_lookup_ttioh           0x38d5     0x8  Code  Gb  XShttio.o [2]
__iar_lz77_init_single3
                             0x1e1f    0x76  Code  Gb  lz77_init_single.o [4]
__iar_program_start          0x4845          Code  Gb  cstartup_M.o [4]
__iar_sh_Discard             0x378d    0x42  Code  Gb  XShHandles.o [2]
__iar_sh_Move                0x37cf    0x46  Code  Gb  XShHandles.o [2]
__iar_sh_Pos                 0x3815    0x40  Code  Gb  XShHandles.o [2]
__iar_sh_stdout              0x3749    0x20  Code  Gb  iarwstd.o [5]
__iar_sh_write               0x3769    0x22  Code  Gb  iarwrite.o [5]
__iar_ttio_handles      0x2000'0160     0x8  Data  Lc  XShttio.o [2]
__iar_unaligned_memcpy       0x2bdd          Code  Gb  ABImemcpy_unaligned.o [4]
__iar_unaligned_memcpy4
                             0x2bfd          Code  Gb  ABImemcpy_unaligned.o [4]
__iar_unaligned_memcpy8
                             0x2bfd          Code  Gb  ABImemcpy_unaligned.o [4]
__iar_zero_init3             0x4241    0x38  Code  Gb  zero_init3.o [4]
__isinff                     0x3081    0x40  Code  Gb  unity.o [1]
__low_level_init             0x47df     0x4  Code  Gb  low_level_init.o [2]
__lseek                      0x36fb    0x4e  Code  Gb  lseek.o [5]
__vector_table                  0x0          Data  Gb  vector_table_M.o [4]
__write                      0x35bd    0x10  Code  Gb  write.o [5]
_call_main                   0x47cd          Code  Gb  cmain.o [4]
_exit                        0x47e9          Code  Gb  cexit.o [4]
eMpbDigitalFilteringRclpAdd
                             0x1c5f    0x88  Code  Gb  mpbDigitalFilteringRclp.o [1]
eMpbDigitalFilteringRclpFloatAdd
                             0x1d51    0xa8  Code  Gb  mpbDigitalFilteringRclp.o [1]
eMpbDigitalFilteringRclpFloatInit
                             0x1d0d    0x44  Code  Gb  mpbDigitalFilteringRclp.o [1]
eMpbDigitalFilteringRclpFloatReady
                             0x1df9    0x26  Code  Gb  mpbDigitalFilteringRclp.o [1]
eMpbDigitalFilteringRclpInit
                             0x1c21    0x3e  Code  Gb  mpbDigitalFilteringRclp.o [1]
eMpbDigitalFilteringRclpReady
                             0x1ce7    0x26  Code  Gb  mpbDigitalFilteringRclp.o [1]
eMpbMathDivisionDouble       0x159d   0x222  Code  Gb  mock_mpbMathDivision.o [1]
eMpbMathDivisionDouble_CMockExpectAndReturn
                             0x17f1    0x9e  Code  Gb  mock_mpbMathDivision.o [1]
eMpbMathDivisionDouble_CMockIgnoreArg_pfdResult
                             0x18cd    0x28  Code  Gb  mock_mpbMathDivision.o [1]
eMpbMathDivisionDouble_CMockReturnMemThruPtr_pfdResult
                             0x189d    0x30  Code  Gb  mock_mpbMathDivision.o [1]
eMpbMathDivisionS64          0x1905   0x19c  Code  Gb  mock_mpbMathDivision.o [1]
eMpbMathDivisionS64_CMockExpectAndReturn
                             0x1afd    0x98  Code  Gb  mock_mpbMathDivision.o [1]
eMpbMathDivisionS64_CMockIgnoreArg_psllResult
                             0x1bd1    0x26  Code  Gb  mock_mpbMathDivision.o [1]
eMpbMathDivisionS64_CMockReturnMemThruPtr_psllResult
                             0x1b9d    0x2e  Code  Gb  mock_mpbMathDivision.o [1]
eMpbMathDivisionU32          0x12ab   0x1a2  Code  Gb  mock_mpbMathDivision.o [1]
eMpbMathDivisionU32_CMockExpectAndReturn
                             0x146d    0x90  Code  Gb  mock_mpbMathDivision.o [1]
eMpbMathDivisionU32_CMockIgnoreArg_pulResult
                             0x152d    0x28  Code  Gb  mock_mpbMathDivision.o [1]
eMpbMathDivisionU32_CMockReturnMemThruPtr_pulResult
                             0x14fd    0x30  Code  Gb  mock_mpbMathDivision.o [1]
eResult                 0x2000'8384     0x1  Data  Lc  test_mpbDigitalFilteringRclp.o [1]
ebuf                    0x2000'82c8    0x50  Data  Lc  xfiles.o [2]
exit                         0x47e3     0x4  Code  Gb  exit.o [2]
fclose                       0x4075    0x7e  Code  Gb  fclose.o [2]
fflush                       0x3425    0x34  Code  Gb  fflush.o [2]
fflushOne                    0x33b1    0x74  Code  Lc  fflush.o [2]
fputc                        0x32a5    0x56  Code  Gb  fputc.o [2]
free                         0x4071     0x4  Code  Gb  heaptramp0.o [2]
fseek                        0x3599    0x24  Code  Gb  fseek.o [2]
longjmp                      0x3291          Code  Gb  setjmp.o [3]
main                         0x3911   0x658  Code  Gb  test_mpbDigitalFilteringRclp_runner.o [1]
mock_mpbMathDivision_Destroy
                             0x1253    0x58  Code  Gb  mock_mpbMathDivision.o [1]
mock_mpbMathDivision_Init
                             0x124b     0x8  Code  Gb  mock_mpbMathDivision.o [1]
mock_mpbMathDivision_Verify
                             0x1111   0x13a  Code  Gb  mock_mpbMathDivision.o [1]
obuf                    0x2000'8318    0x50  Data  Lc  xfiles.o [2]
putchar                      0x2f19     0xc  Code  Gb  putchar.o [2]
remove                       0x410b    0x14  Code  Gb  remove.o [5]
sFileInfo               0x2000'8168    0x80  Data  Lc  XShHandles.o [2]
setUp                          0x41     0xc  Code  Gb  test_mpbDigitalFilteringRclp.o [1]
setjmp                       0x3281          Code  Gb  setjmp.o [3]
strlen                       0x4121          Code  Gb  strlen.o [4]
suite_setup                  0x390d     0x2  Code  Lc  test_mpbDigitalFilteringRclp_runner.o [1]
suite_teardown               0x390f     0x2  Code  Lc  test_mpbDigitalFilteringRclp_runner.o [1]
tearDown                       0x4d     0x2  Code  Gb  test_mpbDigitalFilteringRclp.o [1]
test_eMpbRclpFilterAdd_NegativeValues_Success
                              0x34f   0x1a2  Code  Gb  test_mpbDigitalFilteringRclp.o [1]
test_eMpbRclpFilterAdd_NullPointer_Fail
                              0x5bb    0x6e  Code  Gb  test_mpbDigitalFilteringRclp.o [1]
test_eMpbRclpFilterAdd_PositiveValues_Success
                              0x1cb   0x184  Code  Gb  test_mpbDigitalFilteringRclp.o [1]
test_eMpbRclpFilterAdd_eMpbMathDivisionS64_Fail
                              0x4f1    0xca  Code  Gb  test_mpbDigitalFilteringRclp.o [1]
test_eMpbRclpFilterInit_NullPointer_Fail
                              0x15b    0x28  Code  Gb  test_mpbDigitalFilteringRclp.o [1]
test_eMpbRclpFilterInit_eMpbMathDivisionU32_Fail
                              0x183    0x48  Code  Gb  test_mpbDigitalFilteringRclp.o [1]
test_eMpbRclpFilterInit_ulKZero_Success
                               0xd5    0x86  Code  Gb  test_mpbDigitalFilteringRclp.o [1]
test_eMpbRclpFloatFilterAdd_BadDivision_Fail
                              0xddf    0xe4  Code  Gb  test_mpbDigitalFilteringRclp.o [1]
test_eMpbRclpFloatFilterAdd_Negative_Success
                              0xba5   0x23a  Code  Gb  test_mpbDigitalFilteringRclp.o [1]
test_eMpbRclpFloatFilterAdd_NullPointer_Fail
                              0xec3    0x72  Code  Gb  test_mpbDigitalFilteringRclp.o [1]
test_eMpbRclpFloatFilterAdd_Positive_Success
                              0x95d   0x248  Code  Gb  test_mpbDigitalFilteringRclp.o [1]
test_eMpbRclpFloatFilterInit_NullPointer_Fail
                              0x8e5    0x2a  Code  Gb  test_mpbDigitalFilteringRclp.o [1]
test_eMpbRclpFloatFilterInit_eMpbMathDivisionU32_Fail
                              0x90f    0x4e  Code  Gb  test_mpbDigitalFilteringRclp.o [1]
test_eMpbRclpFloatFilterInit_ulKNotZero_Success
                              0x7ad    0x9c  Code  Gb  test_mpbDigitalFilteringRclp.o [1]
test_eMpbRclpFloatFilterInit_ulKZero_Success
                              0x849    0x9c  Code  Gb  test_mpbDigitalFilteringRclp.o [1]
test_eMpbRclpIsFilterReady_IsReadyFalse_Success
                              0x629    0x8c  Code  Gb  test_mpbDigitalFilteringRclp.o [1]
test_eMpbRclpIsFilterReady_IsReadyTrue_Success
                              0x6b5    0x8c  Code  Gb  test_mpbDigitalFilteringRclp.o [1]
test_eMpbRclpIsFilterReady_NullPointer_Fail
                              0x741    0x6c  Code  Gb  test_mpbDigitalFilteringRclp.o [1]
test_eMpbRclpIsFloatFilterReady_IsReadyFalse_Success
                              0xf39    0x8a  Code  Gb  test_mpbDigitalFilteringRclp.o [1]
test_eMpbRclpIsFloatFilterReady_IsReadyTrue_Success
                              0xfc3    0x8a  Code  Gb  test_mpbDigitalFilteringRclp.o [1]
test_eMpbRclpIsFloatFilterReady_NullPointer_Fail
                             0x104d    0x6a  Code  Gb  test_mpbDigitalFilteringRclp.o [1]
test_eMpbpRclpFilterInit_ulKNotZero_Success
                               0x4f    0x86  Code  Gb  test_mpbDigitalFilteringRclp.o [1]


[1] = C:\mpbComponent\mpbDigitalFiltering\UnitTestFramework\build\test\out\c
[2] = dl7M_tlf.a
[3] = m7M_tl.a
[4] = rt7M_tl.a
[5] = shb_l.a

  16'992 bytes of readonly  code memory
   2'167 bytes of readonly  data memory
  36'741 bytes of readwrite data memory

Errors: none
Warnings: none
