###############################################################################
#
# IAR ELF Linker V9.10.1.308/W64 for ARM                  03/Jun/2022  16:14:47
# Copyright 2007-2021 IAR Systems AB.
#
#    Output file  =  build/test/out/test_mpbParser.out
#    Map file     =  build/test/tests.map
#    Command line =
#        --vfe --redirect _Printf=_PrintfFull --redirect _Scanf=_ScanfFull
#        --semihosting --config "C:\Program Files\IAR Systems\Embedded
#        Workbench 9.0\arm\config\generic_cortex.icf" --map
#        build/test/tests.map -o build/test/out/test_mpbParser.out
#        build/test/out/c/test_mpbParser_runner.o
#        build/test/out/c/test_mpbParser.o build/test/out/c/mock_mpbMathCrc.o
#        build/test/out/c/unity.o build/test/out/c/mpbParser.o
#        build/test/out/c/cmock.o
#
###############################################################################

*******************************************************************************
*** RUNTIME MODEL ATTRIBUTES
***

CppFlavor                   = *
__Heap_Handler              = Basic
__SystemLibrary             = DLib
__dlib_jmp_buf_num_elements = 8
__dlib_version              = 6


*******************************************************************************
*** HEAP SELECTION
***

The basic heap was selected because some modules are built with
size limitations (and not runtime checking), and --advanced_heap
was not specified.


*******************************************************************************
*** PLACEMENT SUMMARY
***

"A0":  place at address 0x0 { ro section .intvec };
"P1":  place in [from 0x0 to 0x7'ffff] { ro };
define block CSTACK with size = 1K, alignment = 8 { };
define block PROC_STACK with size = 0, alignment = 8 { };
define block HEAP with size = 2K, alignment = 8 { };
"P2":  place in [from 0x2000'0000 to 0x2000'ffff] {
          rw, block CSTACK, block PROC_STACK, block HEAP };
initialize by copy { rw };

  Section            Kind         Address    Size  Object
  -------            ----         -------    ----  ------
"A0":                                        0x40
  .intvec            ro code          0x0    0x40  vector_table_M.o [4]
                                   - 0x40    0x40

"P1":                                      0x29b3
  .text              ro code         0x40   0x7d0  test_mpbParser.o [1]
  .text              ro code        0x810   0x174  mpbParser.o [1]
  .text              ro code        0x984   0x66c  unity.o [1]
  .text              ro code        0xff0   0x404  mock_mpbMathCrc.o [1]
  .text              ro code       0x13f4    0x76  ABImemcpy_unaligned.o [4]
  .text              ro code       0x146a    0x76  lz77_init_single.o [4]
  .text              ro code       0x14e0     0xc  putchar.o [2]
  .text              ro code       0x14ec    0x24  setjmp.o [3]
  .text              ro code       0x1510   0x108  cmock.o [1]
  .text              ro code       0x1618    0x66  ABImemset.o [4]
  .text              ro code       0x167e    0x56  fputc.o [2]
  .text              ro code       0x16d4    0xb4  xfwprep.o [2]
  .text              ro code       0x1788    0xac  fflush.o [2]
  .text              ro code       0x1834   0x13c  heap0.o [2]
  .text              ro code       0x1970    0x24  fseek.o [2]
  .text              ro code       0x1994    0x10  write.o [5]
  .text              ro code       0x19a4    0x2c  xgetmemchunk.o [2]
  .text              ro code       0x19d0    0xd8  xfspos.o [2]
  .text              ro code       0x1aa8    0x1e  dwrite.o [5]
  .text              ro code       0x1ac6     0xc  xfgpos.o [2]
  .text              ro code       0x1ad2    0x4e  lseek.o [5]
  .text              ro code       0x1b20    0x20  iarwstd.o [5]
  .text              ro code       0x1b40    0x22  iarwrite.o [5]
  .text              ro code       0x1b62     0x2  vectortrap_M.o [4]
  .text              ro code       0x1b64    0xcc  XShHandles.o [2]
  .text              ro code       0x1c30    0x7c  iarttio.o [5]
  .text              ro code       0x1cac     0x8  XShttio.o [2]
  .text              ro code       0x1cb4   0x434  test_mpbParser_runner.o [1]
  .text              ro code       0x20e8    0x9c  xfofind.o [2]
  .text              ro code       0x2184     0x4  heaptramp0.o [2]
  .text              ro code       0x2188    0x7e  fclose.o [2]
  .text              ro code       0x2206    0x18  close.o [5]
  .text              ro code       0x221e    0x14  remove.o [5]
  .text              ro code       0x2234    0x36  strlen.o [4]
  .rodata            const         0x226c    0x48  test_mpbParser_runner.o [1]
  .text              ro code       0x22b4    0x40  xcloseall.o [2]
  .rodata            const         0x22f4    0x3c  test_mpbParser_runner.o [1]
  .rodata            const         0x2330    0x3c  test_mpbParser_runner.o [1]
  .rodata            const         0x236c    0x3c  test_mpbParser_runner.o [1]
  .rodata            const         0x23a8    0x3c  test_mpbParser_runner.o [1]
  .rodata            const         0x23e4    0x38  test_mpbParser_runner.o [1]
  .rodata            const         0x241c    0x38  unity.o [1]
  .text              ro code       0x2454    0x38  zero_init3.o [4]
  .rodata            const         0x248c    0x34  test_mpbParser_runner.o [1]
  .rodata            const         0x24c0    0x34  test_mpbParser_runner.o [1]
  .rodata            const         0x24f4    0x34  test_mpbParser_runner.o [1]
  .rodata            const         0x2528    0x34  cmock.o [1]
  .rodata            const         0x255c    0x30  test_mpbParser_runner.o [1]
  .rodata            const         0x258c    0x30  test_mpbParser_runner.o [1]
  .rodata            const         0x25bc    0x30  test_mpbParser_runner.o [1]
  .rodata            const         0x25ec    0x30  test_mpbParser_runner.o [1]
  .rodata            const         0x261c    0x30  cmock.o [1]
  .text              ro code       0x264c    0x28  data_init.o [4]
  .rodata            const         0x2674    0x24  cmock.o [1]
  .rodata            const         0x2698    0x24  cmock.o [1]
  .rodata            const         0x26bc    0x24  cmock.o [1]
  .iar.init_table    const         0x26e0    0x20  - Linker created -
  .rodata            const         0x2700    0x20  unity.o [1]
  .rodata            const         0x2720    0x20  cmock.o [1]
  .text              ro code       0x2740    0x1e  cmain.o [4]
  .text              ro code       0x275e     0x4  low_level_init.o [2]
  .text              ro code       0x2762     0x4  exit.o [2]
  .text              ro code       0x2768     0xe  cexit.o [4]
  .text              ro code       0x2778    0x14  exit.o [5]
  .rodata            const         0x278c    0x1c  unity.o [1]
  .rodata            const         0x27a8    0x1c  cmock.o [1]
  .text              ro code       0x27c4    0x1c  cstartup_M.o [4]
  .rodata            const         0x27e0    0x18  mock_mpbMathCrc.o [1]
  .rodata            const         0x27f8    0x18  unity.o [1]
  .rodata            const         0x2810    0x14  test_mpbParser_runner.o [1]
  .rodata            const         0x2824    0x14  test_mpbParser.o [1]
  .rodata            const         0x2838    0x14  mock_mpbMathCrc.o [1]
  .rodata            const         0x284c    0x14  unity.o [1]
  .rodata            const         0x2860    0x14  cmock.o [1]
  .rodata            const         0x2874    0x10  test_mpbParser.o [1]
  .rodata            const         0x2884    0x10  mock_mpbMathCrc.o [1]
  .rodata            const         0x2894    0x10  mock_mpbMathCrc.o [1]
  .rodata            const         0x28a4    0x10  cmock.o [1]
  .rodata            const         0x28b4     0xc  mock_mpbMathCrc.o [1]
  .rodata            const         0x28c0     0xc  mock_mpbMathCrc.o [1]
  .rodata            const         0x28cc     0xc  unity.o [1]
  .rodata            const         0x28d8     0xc  unity.o [1]
  .rodata            const         0x28e4     0xc  unity.o [1]
  .rodata            const         0x28f0     0xc  unity.o [1]
  .rodata            const         0x28fc     0xc  unity.o [1]
  .rodata            const         0x2908     0xc  unity.o [1]
  .rodata            const         0x2914     0x8  test_mpbParser.o [1]
  .rodata            const         0x291c     0x8  mock_mpbMathCrc.o [1]
  .rodata            const         0x2924     0x8  unity.o [1]
  .rodata            const         0x292c     0x8  unity.o [1]
  .rodata            const         0x2934     0x8  unity.o [1]
  .rodata            const         0x293c     0x8  unity.o [1]
  .rodata            const         0x2944     0x8  unity.o [1]
  .rodata            const         0x294c     0x4  unity.o [1]
  .rodata            const         0x2950     0x4  unity.o [1]
  .text              ro code       0x2954     0x0  cstart_closeall.o [4]
  .rodata            const         0x2954     0x0  zero_init3.o [4]
  .rodata            const         0x2954     0x0  lz77_init_single.o [4]
  Initializer bytes  const         0x2954    0x9f  <for P2-1>
                                 - 0x29f3  0x29b3

"P2", part 1 of 3:                          0x15c
  P2-1                        0x2000'0000   0x15c  <Init block>
    .data            inited   0x2000'0000    0x18  test_mpbParser.o [1]
    .data            inited   0x2000'0018     0x4  mock_mpbMathCrc.o [1]
    .data            inited   0x2000'001c     0x4  mock_mpbMathCrc.o [1]
    .data            inited   0x2000'0020     0x4  mock_mpbMathCrc.o [1]
    .data            inited   0x2000'0024     0x4  mock_mpbMathCrc.o [1]
    .data            inited   0x2000'0028     0x4  mock_mpbMathCrc.o [1]
    .data            inited   0x2000'002c     0x4  mock_mpbMathCrc.o [1]
    .data            inited   0x2000'0030     0x4  mock_mpbMathCrc.o [1]
    .data            inited   0x2000'0034     0x4  cmock.o [1]
    .data            inited   0x2000'0038     0x4  cmock.o [1]
    .data            inited   0x2000'003c     0x4  cmock.o [1]
    .data            inited   0x2000'0040     0x4  cmock.o [1]
    .data            inited   0x2000'0044     0x4  cmock.o [1]
    .data            inited   0x2000'0048     0x4  cmock.o [1]
    .data            inited   0x2000'004c     0x4  cmock.o [1]
    .data            inited   0x2000'0050     0x4  cmock.o [1]
    .data            inited   0x2000'0054     0x4  cmock.o [1]
    .data            inited   0x2000'0058     0x4  cmock.o [1]
    .data            inited   0x2000'005c    0x48  xfiles.o [2]
    .data            inited   0x2000'00a4    0x48  xfiles.o [2]
    .data            inited   0x2000'00ec    0x48  xfiles.o [2]
    .data            inited   0x2000'0134    0x20  xfiles.o [2]
    .data            inited   0x2000'0154     0x8  XShttio.o [2]
                            - 0x2000'015c   0x15c

"P2", part 2 of 3:                         0x82b8
  .bss               zero     0x2000'015c  0x8000  cmock.o [1]
  .bss               zero     0x2000'815c    0xc8  mpbParser.o [1]
  .bss               zero     0x2000'8224    0x80  XShHandles.o [2]
  .bss               zero     0x2000'82a8    0x68  unity.o [1]
  .bss               zero     0x2000'8310    0x50  xfiles.o [2]
  .bss               zero     0x2000'8360    0x50  xfiles.o [2]
  .bss               zero     0x2000'83b0    0x3c  mock_mpbMathCrc.o [1]
  .bss               zero     0x2000'83ec     0x8  heap0.o [2]
  .bss               zero     0x2000'83f4     0x4  test_mpbParser_runner.o [1]
  .bss               zero     0x2000'83f8     0x4  test_mpbParser_runner.o [1]
  .bss               zero     0x2000'83fc     0x4  test_mpbParser_runner.o [1]
  .bss               zero     0x2000'8400     0x4  mpbParser.o [1]
  .bss               zero     0x2000'8404     0x4  cmock.o [1]
  .bss               zero     0x2000'8408     0x4  xgetmemchunk.o [2]
  .bss               zero     0x2000'840c     0x1  mpbParser.o [1]
  .bss               zero     0x2000'840d     0x1  mpbParser.o [1]
  .bss               zero     0x2000'840e     0x1  mpbParser.o [1]
  .bss               zero     0x2000'840f     0x1  mpbParser.o [1]
  .bss               zero     0x2000'8410     0x1  mpbParser.o [1]
                            - 0x2000'8411  0x82b5

"P2", part 3 of 3:                          0xc00
  CSTACK                      0x2000'8418   0x400  <Block>
    CSTACK           uninit   0x2000'8418   0x400  <Block tail>
  HEAP                        0x2000'8818   0x800  <Block>
    HEAP             uninit   0x2000'8818   0x800  <Block tail>
                            - 0x2000'9018   0xc00

Unused ranges:

         From           To      Size
         ----           --      ----
       0x29f3     0x7'ffff  0x7'd60d
  0x2000'8414  0x2000'8417       0x4
  0x2000'9018  0x2000'ffff    0x6fe8


*******************************************************************************
*** INIT TABLE
***

          Address      Size
          -------      ----
Zero (__iar_zero_init3)
    1 destination range, total size 0x82b5:
          0x2000'015c  0x82b5

Copy/lz77 (__iar_lz77_init_single3)
    1 source range, total size 0x9f (45% of destination):
               0x2954    0x9f
    1 destination range, total size 0x15c:
          0x2000'0000   0x15c



*******************************************************************************
*** MODULE SUMMARY
***

    Module                   ro code  ro data  rw data
    ------                   -------  -------  -------
command line/config:
    --------------------------------------------------
    Total:

C:\mpbComponent\mpbM2MProtocol\UnitTestFramework\build\test\out\c: [1]
    cmock.o                      264      323   32'812
    mock_mpbMathCrc.o          1'028      121       88
    mpbParser.o                  372               209
    test_mpbParser.o           2'000       54       24
    test_mpbParser_runner.o    1'076      736       12
    unity.o                    1'644      280      104
    --------------------------------------------------
    Total:                     6'384    1'514   33'249

dl7M_tlf.a: [2]
    XShHandles.o                 204               128
    XShttio.o                      8        4        8
    exit.o                         4
    fclose.o                     126
    fflush.o                     172
    fputc.o                       86
    fseek.o                       36
    heap0.o                      316                 8
    heaptramp0.o                   4
    low_level_init.o               4
    putchar.o                     12
    xcloseall.o                   64
    xfgpos.o                      12
    xfiles.o                              113      408
    xfofind.o                    156
    xfspos.o                     216
    xfwprep.o                    180
    xgetmemchunk.o                44                 4
    --------------------------------------------------
    Total:                     1'644      117      556

m7M_tl.a: [3]
    setjmp.o                      36
    --------------------------------------------------
    Total:                        36

rt7M_tl.a: [4]
    ABImemcpy_unaligned.o        118
    ABImemset.o                  102
    cexit.o                       14
    cmain.o                       30
    cstart_closeall.o
    cstartup_M.o                  28
    data_init.o                   40
    lz77_init_single.o           118
    strlen.o                      54
    vector_table_M.o              64
    vectortrap_M.o                 2
    zero_init3.o                  56
    --------------------------------------------------
    Total:                       626

shb_l.a: [5]
    close.o                       24
    dwrite.o                      30
    exit.o                        20
    iarttio.o                    124
    iarwrite.o                    34
    iarwstd.o                     32
    lseek.o                       78
    remove.o                      20
    write.o                       16
    --------------------------------------------------
    Total:                       378

    Gaps                           6        2        4
    Linker created                         32    3'072
------------------------------------------------------
    Grand Total:               9'074    1'665   36'881


*******************************************************************************
*** ENTRY LIST
***

Entry                       Address    Size  Type      Object
-----                       -------    ----  ----      ------
.iar.init_table$$Base        0x26e0           --   Gb  - Linker created -
.iar.init_table$$Limit       0x2700           --   Gb  - Linker created -
?main                        0x2741          Code  Gb  cmain.o [4]
Aldata                  0x2000'83ec     0x8  Data  Lc  heap0.o [2]
BusFault_Handler             0x1b63          Code  Wk  vectortrap_M.o [4]
CMockStringCalledEarly  0x2000'0040     0x4  Data  Gb  cmock.o [1]
CMockStringCalledLate   0x2000'0044     0x4  Data  Gb  cmock.o [1]
CMockStringCalledLess   0x2000'003c     0x4  Data  Gb  cmock.o [1]
CMockStringCalledMore   0x2000'0038     0x4  Data  Gb  cmock.o [1]
CMockStringExpNULL      0x2000'0050     0x4  Data  Gb  cmock.o [1]
CMockStringMismatch     0x2000'0054     0x4  Data  Gb  cmock.o [1]
CMockStringOutOfMemory  0x2000'0034     0x4  Data  Gb  cmock.o [1]
CMockStringPtrIsNULL    0x2000'004c     0x4  Data  Gb  cmock.o [1]
CMockStringPtrPreExp    0x2000'0048     0x4  Data  Gb  cmock.o [1]
CMockString_eMpbMathCrcCalculate
                        0x2000'0018     0x4  Data  Lc  mock_mpbMathCrc.o [1]
CMockString_eMpbMathCrcInit
                        0x2000'001c     0x4  Data  Lc  mock_mpbMathCrc.o [1]
CMockString_eMpbMathCrcValidate
                        0x2000'0020     0x4  Data  Lc  mock_mpbMathCrc.o [1]
CMockString_pucBuffer   0x2000'0024     0x4  Data  Lc  mock_mpbMathCrc.o [1]
CMockString_pulCrcValue
                        0x2000'0028     0x4  Data  Lc  mock_mpbMathCrc.o [1]
CMockString_ulNumberOfBytes
                        0x2000'002c     0x4  Data  Lc  mock_mpbMathCrc.o [1]
CMockString_xMpbCrc     0x2000'0030     0x4  Data  Lc  mock_mpbMathCrc.o [1]
CMock_Destroy                0x1cdd     0x8  Code  Lc  test_mpbParser_runner.o [1]
CMock_Guts_BufferArray  0x2000'015c  0x8000  Data  Lc  cmock.o [1]
CMock_Guts_BufferSize   0x2000'0058     0x4  Data  Lc  cmock.o [1]
CMock_Guts_FreePtr      0x2000'8404     0x4  Data  Lc  cmock.o [1]
CMock_Guts_GetAddressFor
                             0x15e7    0x16  Code  Gb  cmock.o [1]
CMock_Guts_MemChain          0x1553    0x58  Code  Gb  cmock.o [1]
CMock_Guts_MemEndOfChain
                             0x15d1    0x16  Code  Gb  cmock.o [1]
CMock_Guts_MemFreeAll        0x15fd     0x8  Code  Gb  cmock.o [1]
CMock_Guts_MemFreeFinal
                             0x1605     0x8  Code  Gb  cmock.o [1]
CMock_Guts_MemNew            0x1511    0x42  Code  Gb  cmock.o [1]
CMock_Guts_MemNext           0x15ab    0x26  Code  Gb  cmock.o [1]
CMock_Init                   0x1cb5    0x20  Code  Lc  test_mpbParser_runner.o [1]
CMock_Verify                 0x1cd5     0x8  Code  Lc  test_mpbParser_runner.o [1]
CSTACK$$Base            0x2000'8418           --   Gb  - Linker created -
CSTACK$$Limit           0x2000'8818           --   Gb  - Linker created -
DebugMon_Handler             0x1b63          Code  Wk  vectortrap_M.o [4]
GlobalExpectCount       0x2000'83f4     0x4  Data  Gb  test_mpbParser_runner.o [1]
GlobalOrderError        0x2000'83fc     0x4  Data  Gb  test_mpbParser_runner.o [1]
GlobalVerifyOrder       0x2000'83f8     0x4  Data  Gb  test_mpbParser_runner.o [1]
HEAP$$Base              0x2000'8818           --   Gb  - Linker created -
HEAP$$Limit             0x2000'9018           --   Gb  - Linker created -
HardFault_Handler            0x1b63          Code  Wk  vectortrap_M.o [4]
MemManage_Handler            0x1b63          Code  Wk  vectortrap_M.o [4]
Mock                    0x2000'83b0    0x3c  Data  Lc  mock_mpbMathCrc.o [1]
NMI_Handler                  0x1b63          Code  Wk  vectortrap_M.o [4]
PendSV_Handler               0x1b63          Code  Wk  vectortrap_M.o [4]
Region$$Table$$Base          0x26e0           --   Gb  - Linker created -
Region$$Table$$Limit         0x2700           --   Gb  - Linker created -
SVC_Handler                  0x1b63          Code  Wk  vectortrap_M.o [4]
SysTick_Handler              0x1b63          Code  Wk  vectortrap_M.o [4]
Unity                   0x2000'82a8    0x68  Data  Gb  unity.o [1]
UnityAddMsgIfSpecified        0xb43    0x4c  Code  Lc  unity.o [1]
UnityAssertEqualIntArray
                              0xc3b   0x12a  Code  Gb  unity.o [1]
UnityAssertEqualMemory        0xd81   0x124  Code  Gb  unity.o [1]
UnityAssertEqualNumber        0xbd7    0x64  Code  Gb  unity.o [1]
UnityBegin                    0xf29    0x2a  Code  Gb  unity.o [1]
UnityConcludeTest             0xb01    0x42  Code  Gb  unity.o [1]
UnityEnd                      0xf53    0x5e  Code  Gb  unity.o [1]
UnityFail                     0xead    0x76  Code  Gb  unity.o [1]
UnityIsOneArrayNull           0xb8f    0x48  Code  Lc  unity.o [1]
UnityPrint                    0x985    0x5e  Code  Gb  unity.o [1]
UnityPrintNumber              0xa27    0x1a  Code  Gb  unity.o [1]
UnityPrintNumberByStyle
                              0x9e3    0x44  Code  Gb  unity.o [1]
UnityPrintNumberHex           0xa77    0x40  Code  Gb  unity.o [1]
UnityPrintNumberUnsigned
                              0xa41    0x36  Code  Gb  unity.o [1]
UnityStrBreaker              0x27f8    0x18  Data  Lc  unity.o [1]
UnityStrByte                 0x293c     0x8  Data  Lc  unity.o [1]
UnityStrDetail1Name          0x28fc     0xc  Data  Lc  unity.o [1]
UnityStrDetail2Name          0x2908     0xc  Data  Lc  unity.o [1]
UnityStrElement              0x28d8     0xc  Data  Lc  unity.o [1]
UnityStrExpected             0x28cc     0xc  Data  Lc  unity.o [1]
UnityStrFail                 0x292c     0x8  Data  Lc  unity.o [1]
UnityStrMemory               0x284c    0x14  Data  Lc  unity.o [1]
UnityStrNullPointerForActual
                             0x278c    0x1c  Data  Lc  unity.o [1]
UnityStrNullPointerForExpected
                             0x2700    0x20  Data  Lc  unity.o [1]
UnityStrOk                   0x294c     0x4  Data  Lc  unity.o [1]
UnityStrPass                 0x2924     0x8  Data  Lc  unity.o [1]
UnityStrPointless            0x241c    0x38  Data  Lc  unity.o [1]
UnityStrResultsFailures
                             0x28e4     0xc  Data  Lc  unity.o [1]
UnityStrResultsIgnored       0x28f0     0xc  Data  Lc  unity.o [1]
UnityStrResultsTests         0x2944     0x8  Data  Lc  unity.o [1]
UnityStrSpacer               0x2950     0x4  Data  Lc  unity.o [1]
UnityStrWas                  0x2934     0x8  Data  Lc  unity.o [1]
UnityTestResultsBegin         0xab7    0x2c  Code  Lc  unity.o [1]
UnityTestResultsFailBegin
                              0xae3    0x1e  Code  Lc  unity.o [1]
UsageFault_Handler           0x1b63          Code  Wk  vectortrap_M.o [4]
_Close_all                   0x22b5    0x40  Code  Gb  xcloseall.o [2]
_Files                  0x2000'0134    0x20  Data  Gb  xfiles.o [2]
_Fofree                      0x20e9    0x94  Code  Gb  xfofind.o [2]
_Fspos                       0x19d1    0xd8  Code  Gb  xfspos.o [2]
_Fwprep                      0x16d5    0xb4  Code  Gb  xfwprep.o [2]
_Nnl                         0x1ac7     0xc  Code  Gb  xfgpos.o [2]
__aeabi_JMP_BUF_SIZE {Abs}
                                0x8           --   Gb  setjmp.o [3]
__aeabi_memset               0x1619          Code  Gb  ABImemset.o [4]
__basic_free                 0x18e1    0x16  Code  Gb  heap0.o [2]
__basic_free_intern          0x18f7    0x74  Code  Lc  heap0.o [2]
__basic_malloc               0x1835    0x18  Code  Gb  heap0.o [2]
__basic_malloc_intern        0x184d    0x94  Code  Lc  heap0.o [2]
__cexit_closeall             0x276b          Code  Gb  cexit.o [4]
__close                      0x2207    0x18  Code  Gb  close.o [5]
__cmain                      0x2741          Code  Gb  cmain.o [4]
__cstart_closeall            0x2954          Data  Gb  cstart_closeall.o [4]
__data_GetMemChunk           0x19a5    0x2c  Code  Gb  xgetmemchunk.o [2]
__data_GetMemChunk::start
                        0x2000'8408     0x4  Data  Lc  xgetmemchunk.o [2]
__dwrite                     0x1aa9    0x1e  Code  Gb  dwrite.o [5]
__exit                       0x2779    0x14  Code  Gb  exit.o [5]
__iar_Memset                 0x1619          Code  Gb  ABImemset.o [4]
__iar_Memset_word            0x1621          Code  Gb  ABImemset.o [4]
__iar_Stderr            0x2000'00ec    0x48  Data  Gb  xfiles.o [2]
__iar_Stdin             0x2000'005c    0x48  Data  Gb  xfiles.o [2]
__iar_Stdout            0x2000'00a4    0x48  Data  Gb  xfiles.o [2]
__iar_close_ttio             0x1c31    0x2c  Code  Gb  iarttio.o [5]
__iar_data_init3             0x264d    0x28  Code  Gb  data_init.o [4]
__iar_get_ttio               0x1c5d    0x4c  Code  Gb  iarttio.o [5]
__iar_lookup_ttioh           0x1cad     0x8  Code  Gb  XShttio.o [2]
__iar_lz77_init_single3
                             0x146b    0x76  Code  Gb  lz77_init_single.o [4]
__iar_program_start          0x27c5          Code  Gb  cstartup_M.o [4]
__iar_sh_Discard             0x1b65    0x42  Code  Gb  XShHandles.o [2]
__iar_sh_Move                0x1ba7    0x46  Code  Gb  XShHandles.o [2]
__iar_sh_Pos                 0x1bed    0x40  Code  Gb  XShHandles.o [2]
__iar_sh_stdout              0x1b21    0x20  Code  Gb  iarwstd.o [5]
__iar_sh_write               0x1b41    0x22  Code  Gb  iarwrite.o [5]
__iar_ttio_handles      0x2000'0154     0x8  Data  Lc  XShttio.o [2]
__iar_unaligned_memcpy       0x13f5          Code  Gb  ABImemcpy_unaligned.o [4]
__iar_unaligned_memcpy4
                             0x1415          Code  Gb  ABImemcpy_unaligned.o [4]
__iar_unaligned_memcpy8
                             0x1415          Code  Gb  ABImemcpy_unaligned.o [4]
__iar_zero_init3             0x2455    0x38  Code  Gb  zero_init3.o [4]
__low_level_init             0x275f     0x4  Code  Gb  low_level_init.o [2]
__lseek                      0x1ad3    0x4e  Code  Gb  lseek.o [5]
__vector_table                  0x0          Data  Gb  vector_table_M.o [4]
__write                      0x1995    0x10  Code  Gb  write.o [5]
_call_main                   0x274d          Code  Gb  cmain.o [4]
_exit                        0x2769          Code  Gb  cexit.o [4]
buffer                  0x2000'815c    0xc8  Data  Lc  mpbParser.o [1]
eMpbMathCrcCalculate         0x10fd   0x216  Code  Gb  mock_mpbMathCrc.o [1]
eMpbMathCrcCalculate_CMockExpectAnyArgsAndReturn
                             0x1319    0x68  Code  Gb  mock_mpbMathCrc.o [1]
eMpbMathCrcCalculate_CMockReturnMemThruPtr_pulCrcValue
                             0x138d    0x2e  Code  Gb  mock_mpbMathCrc.o [1]
ebuf                    0x2000'8310    0x50  Data  Lc  xfiles.o [2]
exit                         0x2763     0x4  Code  Gb  exit.o [2]
fclose                       0x2189    0x7e  Code  Gb  fclose.o [2]
fflush                       0x17fd    0x34  Code  Gb  fflush.o [2]
fflushOne                    0x1789    0x74  Code  Lc  fflush.o [2]
fputc                        0x167f    0x56  Code  Gb  fputc.o [2]
free                         0x2185     0x4  Code  Gb  heaptramp0.o [2]
fseek                        0x1971    0x24  Code  Gb  fseek.o [2]
insert_valid_minimal_packet
                              0x761    0x60  Code  Gb  test_mpbParser.o [1]
longjmp                      0x14fd          Code  Gb  setjmp.o [3]
main                         0x1ce9   0x3b8  Code  Gb  test_mpbParser_runner.o [1]
mock_mpbMathCrc_Destroy
                             0x109d    0x40  Code  Gb  mock_mpbMathCrc.o [1]
mock_mpbMathCrc_Init         0x1095     0x8  Code  Gb  mock_mpbMathCrc.o [1]
mock_mpbMathCrc_Verify        0xff1    0xa4  Code  Gb  mock_mpbMathCrc.o [1]
mpbParser_AddChar             0x823   0x144  Code  Gb  mpbParser.o [1]
mpbParser_AddChar::length
                        0x2000'8400     0x4  Data  Lc  mpbParser.o [1]
mpbParser_AddChar::ucCrc1
                        0x2000'840d     0x1  Data  Lc  mpbParser.o [1]
mpbParser_AddChar::ucCrc2
                        0x2000'840e     0x1  Data  Lc  mpbParser.o [1]
mpbParser_AddChar::usDataBytesNeeded
                        0x2000'840f     0x1  Data  Lc  mpbParser.o [1]
mpbParser_AddChar::usLengthForCrcCalcultation
                        0x2000'8410     0x1  Data  Lc  mpbParser.o [1]
obuf                    0x2000'8360    0x50  Data  Lc  xfiles.o [2]
putchar                      0x14e1     0xc  Code  Gb  putchar.o [2]
remove                       0x221f    0x14  Code  Gb  remove.o [5]
sFileInfo               0x2000'8224    0x80  Data  Lc  XShHandles.o [2]
setUp                          0x41     0x2  Code  Gb  test_mpbParser.o [1]
setjmp                       0x14ed          Code  Gb  setjmp.o [3]
state                   0x2000'840c     0x1  Data  Gb  mpbParser.o [1]
strlen                       0x2235          Code  Gb  strlen.o [4]
suite_setup                  0x1ce5     0x2  Code  Lc  test_mpbParser_runner.o [1]
suite_teardown               0x1ce7     0x2  Code  Lc  test_mpbParser_runner.o [1]
tearDown                       0x43     0x2  Code  Gb  test_mpbParser.o [1]
test_mpbParser_AddChar_should_HandleBackToBackValidPackets
                              0x7c1    0x3c  Code  Gb  test_mpbParser.o [1]
test_mpbParser_AddChar_should_RejectInvalidCommandCharacter
                              0x4e1    0x80  Code  Gb  test_mpbParser.o [1]
test_mpbParser_AddChar_should_RejectInvalidLengths
                              0x4b3    0x2e  Code  Gb  test_mpbParser.o [1]
test_mpbParser_AddChar_should_RejectNon_FS_CharactersWhileSeekingStart
                              0x3fd    0x82  Code  Gb  test_mpbParser.o [1]
test_mpbParser_AddChar_should_Reject_ALengthOfZero
                              0x47f    0x34  Code  Gb  test_mpbParser.o [1]
test_mpbParser_AddChar_should_StartLookingForCmdOn_71_value
                               0x79    0x34  Code  Gb  test_mpbParser.o [1]
test_mpbParser_AddChar_should_StartLookingForCmdOn_7E_value
                               0x45    0x34  Code  Gb  test_mpbParser.o [1]
test_mpbParser_AddChar_should_accept_CRC_packet
                              0x6b5    0xac  Code  Gb  test_mpbParser.o [1]
test_mpbParser_AddChar_should_accept_min_packet
                              0x2a5   0x158  Code  Gb  test_mpbParser.o [1]
test_mpbParser_AddChar_should_goto_CRC1_state
                              0x165   0x140  Code  Gb  test_mpbParser.o [1]
test_mpbParser_AddChar_should_goto_cmd_state
                               0xad    0x5c  Code  Gb  test_mpbParser.o [1]
test_mpbParser_AddChar_should_reject_invalid_CRC
                              0x561   0x154  Code  Gb  test_mpbParser.o [1]
test_mpbParser_AddChar_should_restart_if_goto_cmd_state
                              0x109    0x5c  Code  Gb  test_mpbParser.o [1]
usMpbParserCONCAT_BYTES
                              0x811    0x12  Code  Lc  mpbParser.o [1]
xMpbCrc                 0x2000'0000    0x18  Data  Gb  test_mpbParser.o [1]


[1] = C:\mpbComponent\mpbM2MProtocol\UnitTestFramework\build\test\out\c
[2] = dl7M_tlf.a
[3] = m7M_tl.a
[4] = rt7M_tl.a
[5] = shb_l.a

   9'074 bytes of readonly  code memory
   1'665 bytes of readonly  data memory
  36'881 bytes of readwrite data memory

Errors: none
Warnings: none
