###############################################################################
#
# IAR ELF Linker V9.10.1.308/W64 for ARM                  16/Feb/2022  14:23:59
# Copyright 2007-2021 IAR Systems AB.
#
#    Output file  =  build/test/out/test_mpbMathDivision.out
#    Map file     =  build/test/tests.map
#    Command line =
#        --vfe --redirect _Printf=_PrintfFull --redirect _Scanf=_ScanfFull
#        --semihosting --config "C:\Program Files\IAR Systems\Embedded
#        Workbench 9.0\arm\config\generic_cortex.icf" --map
#        build/test/tests.map -o build/test/out/test_mpbMathDivision.out
#        build/test/out/c/test_mpbMathDivision_runner.o
#        build/test/out/c/test_mpbMathDivision.o
#        build/test/out/c/mock_mpbMath.o build/test/out/c/unity.o
#        build/test/out/c/mpbMathDivision.o build/test/out/c/cmock.o
#
###############################################################################

*******************************************************************************
*** RUNTIME MODEL ATTRIBUTES
***

CppFlavor                   = *
__Heap_Handler              = Basic
__SystemLibrary             = DLib
__dlib_jmp_buf_num_elements = 8
__dlib_version              = 6


*******************************************************************************
*** HEAP SELECTION
***

The basic heap was selected because some modules are built with
size limitations (and not runtime checking), and --advanced_heap
was not specified.


*******************************************************************************
*** PLACEMENT SUMMARY
***

"A0":  place at address 0x0 { ro section .intvec };
"P1":  place in [from 0x0 to 0x7'ffff] { ro };
define block CSTACK with size = 1K, alignment = 8 { };
define block PROC_STACK with size = 0, alignment = 8 { };
define block HEAP with size = 2K, alignment = 8 { };
"P2":  place in [from 0x2000'0000 to 0x2000'ffff] {
          rw, block CSTACK, block PROC_STACK, block HEAP };
initialize by copy { rw };

  Section            Kind         Address    Size  Object
  -------            ----         -------    ----  ------
"A0":                                        0x40
  .intvec            ro code          0x0    0x40  vector_table_M.o [4]
                                   - 0x40    0x40

"P1":                                      0x3606
  .text              ro code         0x40   0x85c  mock_mpbMath.o [1]
  .text              ro code        0x89c   0x6e8  unity.o [1]
  .text              ro code        0xf84    0xf4  cmock.o [1]
  .text              ro code       0x1078    0x66  ABImemset.o [4]
  .text              ro code       0x10de    0x76  lz77_init_single.o [4]
  .text              ro code       0x1154    0x76  ABImemcpy_unaligned.o [4]
  .text              ro code       0x11ca     0x2  vectortrap_M.o [4]
  .text              ro code       0x11cc    0xd8  FltMul.o [3]
  .text              ro code       0x12a4    0x68  DblToFlt.o [3]
  .text              ro code       0x130c     0xc  putchar.o [2]
  .text              ro code       0x1318    0x28  FltCmpLe.o [3]
  .text              ro code       0x1340    0x1c  FltCmpEq.o [3]
  .text              ro code       0x135c   0x118  FltDiv.o [3]
  .text              ro code       0x1474    0x40  unity.o [1]
  .text              ro code       0x14b4    0x28  FltCmpGe.o [3]
  .text              ro code       0x14dc   0x16e  FltAddSub.o [3]
  .text              ro code       0x164c    0x26  FltToS32.o [3]
  .text              ro code       0x1674    0x24  setjmp.o [3]
  .text              ro code       0x1698    0x56  fputc.o [2]
  .text              ro code       0x16ee    0xb4  xfwprep.o [2]
  .text              ro code       0x17a4    0xac  fflush.o [2]
  .text              ro code       0x1850   0x13c  heap0.o [2]
  .text              ro code       0x198c    0x24  fseek.o [2]
  .text              ro code       0x19b0    0x10  write.o [5]
  .text              ro code       0x19c0    0x2c  xgetmemchunk.o [2]
  .text              ro code       0x19ec    0xd8  xfspos.o [2]
  .text              ro code       0x1ac4    0x1e  dwrite.o [5]
  .text              ro code       0x1ae2     0xc  xfgpos.o [2]
  .text              ro code       0x1aee    0x4e  lseek.o [5]
  .text              ro code       0x1b3c    0x20  iarwstd.o [5]
  .text              ro code       0x1b5c    0x22  iarwrite.o [5]
  .text              ro code       0x1b80    0xcc  XShHandles.o [2]
  .text              ro code       0x1c4c    0x7c  iarttio.o [5]
  .text              ro code       0x1cc8     0x8  XShttio.o [2]
  .text              ro code       0x1cd0   0x54c  test_mpbMathDivision.o [1]
  .text              ro code       0x221c   0x114  mpbMathDivision.o [1]
  .text              ro code       0x2330    0x48  FltToDbl.o [3]
  .text              ro code       0x2378   0x24e  DblAddSub.o [3]
  .text              ro code       0x25c8    0x1a  U32ToFlt.o [3]
  .text              ro code       0x25e4   0x246  DblDiv.o [3]
  .text              ro code       0x282c    0x1c  U32ToDbl.o [3]
  .text              ro code       0x2848   0x1aa  DblMul.o [3]
  .text              ro code       0x29f4   0x47c  test_mpbMathDivision_runner.o [1]
  .text              ro code       0x2e70    0x9c  xfofind.o [2]
  .text              ro code       0x2f0c     0x4  heaptramp0.o [2]
  .text              ro code       0x2f10    0x7e  fclose.o [2]
  .text              ro code       0x2f8e    0x18  close.o [5]
  .text              ro code       0x2fa6    0x14  remove.o [5]
  .text              ro code       0x2fbc    0x36  strlen.o [4]
  .text              ro code       0x2ff4    0x40  xcloseall.o [2]
  .rodata            const         0x3034    0x3c  test_mpbMathDivision_runner.o [1]
  .rodata            const         0x3070    0x38  test_mpbMathDivision_runner.o [1]
  .rodata            const         0x30a8    0x38  test_mpbMathDivision_runner.o [1]
  .rodata            const         0x30e0    0x38  test_mpbMathDivision_runner.o [1]
  .rodata            const         0x3118    0x38  test_mpbMathDivision_runner.o [1]
  .text              ro code       0x3150    0x38  zero_init3.o [4]
  .rodata            const         0x3188    0x34  test_mpbMathDivision_runner.o [1]
  .rodata            const         0x31bc    0x34  test_mpbMathDivision_runner.o [1]
  .rodata            const         0x31f0    0x34  test_mpbMathDivision_runner.o [1]
  .rodata            const         0x3224    0x34  cmock.o [1]
  .rodata            const         0x3258    0x30  test_mpbMathDivision_runner.o [1]
  .rodata            const         0x3288    0x30  test_mpbMathDivision_runner.o [1]
  .rodata            const         0x32b8    0x30  cmock.o [1]
  .rodata            const         0x32e8    0x2c  test_mpbMathDivision_runner.o [1]
  .rodata            const         0x3314    0x2c  test_mpbMathDivision_runner.o [1]
  .rodata            const         0x3340    0x2c  test_mpbMathDivision_runner.o [1]
  .rodata            const         0x336c    0x28  test_mpbMathDivision_runner.o [1]
  .text              ro code       0x3394    0x28  data_init.o [4]
  .rodata            const         0x33bc    0x24  cmock.o [1]
  .rodata            const         0x33e0    0x24  cmock.o [1]
  .iar.init_table    const         0x3404    0x20  - Linker created -
  .rodata            const         0x3424    0x20  cmock.o [1]
  .text              ro code       0x3444    0x1e  cmain.o [4]
  .text              ro code       0x3462     0x4  low_level_init.o [2]
  .text              ro code       0x3466     0x4  exit.o [2]
  .text              ro code       0x346c     0xe  cexit.o [4]
  .text              ro code       0x347c    0x14  exit.o [5]
  .rodata            const         0x3490    0x1c  mock_mpbMath.o [1]
  .rodata            const         0x34ac    0x1c  cmock.o [1]
  .text              ro code       0x34c8    0x1c  cstartup_M.o [4]
  .rodata            const         0x34e4    0x18  test_mpbMathDivision_runner.o [1]
  .rodata            const         0x34fc    0x18  mock_mpbMath.o [1]
  .rodata            const         0x3514    0x18  unity.o [1]
  .rodata            const         0x352c    0x14  mock_mpbMath.o [1]
  .rodata            const         0x3540    0x14  mock_mpbMath.o [1]
  .rodata            const         0x3554     0xc  unity.o [1]
  .rodata            const         0x3560     0xc  unity.o [1]
  .rodata            const         0x356c     0xc  unity.o [1]
  .rodata            const         0x3578     0xc  unity.o [1]
  .rodata            const         0x3584     0xc  unity.o [1]
  .rodata            const         0x3590     0x8  mock_mpbMath.o [1]
  .rodata            const         0x3598     0x8  unity.o [1]
  .rodata            const         0x35a0     0x8  unity.o [1]
  .rodata            const         0x35a8     0x8  unity.o [1]
  .rodata            const         0x35b0     0x8  unity.o [1]
  .rodata            const         0x35b8     0x4  unity.o [1]
  .rodata            const         0x35bc     0x4  unity.o [1]
  .text              ro code       0x35c0     0x0  cstart_closeall.o [4]
  .rodata            const         0x35c0     0x0  zero_init3.o [4]
  .rodata            const         0x35c0     0x0  lz77_init_single.o [4]
  Initializer bytes  const         0x35c0    0x86  <for P2-1>
                                 - 0x3646  0x3606

"P2", part 1 of 3:                          0x130
  P2-1                        0x2000'0000   0x130  <Init block>
    .data            inited   0x2000'0000     0x4  mock_mpbMath.o [1]
    .data            inited   0x2000'0004     0x4  mock_mpbMath.o [1]
    .data            inited   0x2000'0008     0x4  mock_mpbMath.o [1]
    .data            inited   0x2000'000c     0x4  mock_mpbMath.o [1]
    .data            inited   0x2000'0010     0x4  mock_mpbMath.o [1]
    .data            inited   0x2000'0014     0x4  cmock.o [1]
    .data            inited   0x2000'0018     0x4  cmock.o [1]
    .data            inited   0x2000'001c     0x4  cmock.o [1]
    .data            inited   0x2000'0020     0x4  cmock.o [1]
    .data            inited   0x2000'0024     0x4  cmock.o [1]
    .data            inited   0x2000'0028     0x4  cmock.o [1]
    .data            inited   0x2000'002c     0x4  cmock.o [1]
    .data            inited   0x2000'0030    0x48  xfiles.o [2]
    .data            inited   0x2000'0078    0x48  xfiles.o [2]
    .data            inited   0x2000'00c0    0x48  xfiles.o [2]
    .data            inited   0x2000'0108    0x20  xfiles.o [2]
    .data            inited   0x2000'0128     0x8  XShttio.o [2]
                            - 0x2000'0130   0x130

"P2", part 2 of 3:                         0x81f4
  .bss               zero     0x2000'0130  0x8000  cmock.o [1]
  .bss               zero     0x2000'8130    0x80  XShHandles.o [2]
  .bss               zero     0x2000'81b0    0x68  unity.o [1]
  .bss               zero     0x2000'8218    0x50  mock_mpbMath.o [1]
  .bss               zero     0x2000'8268    0x50  xfiles.o [2]
  .bss               zero     0x2000'82b8    0x50  xfiles.o [2]
  .bss               zero     0x2000'8308     0x8  heap0.o [2]
  .bss               zero     0x2000'8310     0x4  test_mpbMathDivision_runner.o [1]
  .bss               zero     0x2000'8314     0x4  test_mpbMathDivision_runner.o [1]
  .bss               zero     0x2000'8318     0x4  test_mpbMathDivision_runner.o [1]
  .bss               zero     0x2000'831c     0x4  cmock.o [1]
  .bss               zero     0x2000'8320     0x4  xgetmemchunk.o [2]
                            - 0x2000'8324  0x81f4

"P2", part 3 of 3:                          0xc00
  CSTACK                      0x2000'8328   0x400  <Block>
    CSTACK           uninit   0x2000'8328   0x400  <Block tail>
  HEAP                        0x2000'8728   0x800  <Block>
    HEAP             uninit   0x2000'8728   0x800  <Block tail>
                            - 0x2000'8f28   0xc00

Unused ranges:

         From           To      Size
         ----           --      ----
       0x3646     0x7'ffff  0x7'c9ba
  0x2000'8324  0x2000'8327       0x4
  0x2000'8f28  0x2000'ffff    0x70d8


*******************************************************************************
*** INIT TABLE
***

          Address      Size
          -------      ----
Zero (__iar_zero_init3)
    1 destination range, total size 0x81f4:
          0x2000'0130  0x81f4

Copy/lz77 (__iar_lz77_init_single3)
    1 source range, total size 0x86 (44% of destination):
               0x35c0    0x86
    1 destination range, total size 0x130:
          0x2000'0000   0x130



*******************************************************************************
*** MODULE SUMMARY
***

    Module                         ro code  ro data  rw data
    ------                         -------  -------  -------
command line/config:
    --------------------------------------------------------
    Total:

C:\mpbComponent\mpbMath\UnitTestFramework\build\test\out\c: [1]
    cmock.o                            244      245   32'800
    mock_mpbMath.o                   2'140      108      100
    mpbMathDivision.o                  276
    test_mpbMathDivision.o           1'356
    test_mpbMathDivision_runner.o    1'148      732       12
    unity.o                          1'832      124      104
    --------------------------------------------------------
    Total:                           6'996    1'209   33'016

dl7M_tlf.a: [2]
    XShHandles.o                       204               128
    XShttio.o                            8        4        8
    exit.o                               4
    fclose.o                           126
    fflush.o                           172
    fputc.o                             86
    fseek.o                             36
    heap0.o                            316                 8
    heaptramp0.o                         4
    low_level_init.o                     4
    putchar.o                           12
    xcloseall.o                         64
    xfgpos.o                            12
    xfiles.o                                    109      408
    xfofind.o                          156
    xfspos.o                           216
    xfwprep.o                          180
    xgetmemchunk.o                      44                 4
    --------------------------------------------------------
    Total:                           1'644      113      556

m7M_tl.a: [3]
    DblAddSub.o                        590
    DblDiv.o                           582
    DblMul.o                           426
    DblToFlt.o                         104
    FltAddSub.o                        366
    FltCmpEq.o                          28
    FltCmpGe.o                          40
    FltCmpLe.o                          40
    FltDiv.o                           280
    FltMul.o                           216
    FltToDbl.o                          72
    FltToS32.o                          38
    U32ToDbl.o                          28
    U32ToFlt.o                          26
    setjmp.o                            36
    --------------------------------------------------------
    Total:                           2'872

rt7M_tl.a: [4]
    ABImemcpy_unaligned.o              118
    ABImemset.o                        102
    cexit.o                             14
    cmain.o                             30
    cstart_closeall.o
    cstartup_M.o                        28
    data_init.o                         40
    lz77_init_single.o                 118
    strlen.o                            54
    vector_table_M.o                    64
    vectortrap_M.o                       2
    zero_init3.o                        56
    --------------------------------------------------------
    Total:                             626

shb_l.a: [5]
    close.o                             24
    dwrite.o                            30
    exit.o                              20
    iarttio.o                          124
    iarwrite.o                          34
    iarwstd.o                           32
    lseek.o                             78
    remove.o                            20
    write.o                             16
    --------------------------------------------------------
    Total:                             378

    Gaps                                24
    Linker created                               32    3'072
------------------------------------------------------------
    Grand Total:                    12'540    1'354   36'644


*******************************************************************************
*** ENTRY LIST
***

Entry                       Address    Size  Type      Object
-----                       -------    ----  ----      ------
.iar.init_table$$Base        0x3404           --   Gb  - Linker created -
.iar.init_table$$Limit       0x3424           --   Gb  - Linker created -
?main                        0x3445          Code  Gb  cmain.o [4]
Aldata                  0x2000'8308     0x8  Data  Lc  heap0.o [2]
BusFault_Handler             0x11cb          Code  Wk  vectortrap_M.o [4]
CMockExpectParameters_eMpbMathDoubleIsInfinity
                              0x7c5     0xa  Code  Gb  mock_mpbMath.o [1]
CMockExpectParameters_eMpbMathDoubleIsNaN
                              0x5fd     0xa  Code  Gb  mock_mpbMath.o [1]
CMockExpectParameters_eMpbMathFloatIsInfinity
                              0x42b     0x8  Code  Gb  mock_mpbMath.o [1]
CMockExpectParameters_eMpbMathFloatIsNaN
                              0x283     0x8  Code  Gb  mock_mpbMath.o [1]
CMockStringCalledEarly  0x2000'0020     0x4  Data  Gb  cmock.o [1]
CMockStringCalledLate   0x2000'0024     0x4  Data  Gb  cmock.o [1]
CMockStringCalledLess   0x2000'001c     0x4  Data  Gb  cmock.o [1]
CMockStringCalledMore   0x2000'0018     0x4  Data  Gb  cmock.o [1]
CMockStringMismatch     0x2000'0028     0x4  Data  Gb  cmock.o [1]
CMockStringOutOfMemory  0x2000'0014     0x4  Data  Gb  cmock.o [1]
CMockString_eMpbMathDoubleIsInfinity
                        0x2000'0000     0x4  Data  Lc  mock_mpbMath.o [1]
CMockString_eMpbMathDoubleIsNaN
                        0x2000'0004     0x4  Data  Lc  mock_mpbMath.o [1]
CMockString_eMpbMathFloatIsInfinity
                        0x2000'0008     0x4  Data  Lc  mock_mpbMath.o [1]
CMockString_eMpbMathFloatIsNaN
                        0x2000'000c     0x4  Data  Lc  mock_mpbMath.o [1]
CMockString_xValue      0x2000'0010     0x4  Data  Lc  mock_mpbMath.o [1]
CMock_Destroy                0x2a1d     0x8  Code  Lc  test_mpbMathDivision_runner.o [1]
CMock_Guts_BufferArray  0x2000'0130  0x8000  Data  Lc  cmock.o [1]
CMock_Guts_BufferSize   0x2000'002c     0x4  Data  Lc  cmock.o [1]
CMock_Guts_FreePtr      0x2000'831c     0x4  Data  Lc  cmock.o [1]
CMock_Guts_GetAddressFor
                             0x1045    0x16  Code  Gb  cmock.o [1]
CMock_Guts_MemChain           0xfc7    0x58  Code  Gb  cmock.o [1]
CMock_Guts_MemFreeAll        0x105b     0x8  Code  Gb  cmock.o [1]
CMock_Guts_MemFreeFinal
                             0x1063     0x8  Code  Gb  cmock.o [1]
CMock_Guts_MemNew             0xf85    0x42  Code  Gb  cmock.o [1]
CMock_Guts_MemNext           0x101f    0x26  Code  Gb  cmock.o [1]
CMock_Init                   0x29f5    0x20  Code  Lc  test_mpbMathDivision_runner.o [1]
CMock_Verify                 0x2a15     0x8  Code  Lc  test_mpbMathDivision_runner.o [1]
CSTACK$$Base            0x2000'8328           --   Gb  - Linker created -
CSTACK$$Limit           0x2000'8728           --   Gb  - Linker created -
DebugMon_Handler             0x11cb          Code  Wk  vectortrap_M.o [4]
GlobalExpectCount       0x2000'8310     0x4  Data  Gb  test_mpbMathDivision_runner.o [1]
GlobalOrderError        0x2000'8318     0x4  Data  Gb  test_mpbMathDivision_runner.o [1]
GlobalVerifyOrder       0x2000'8314     0x4  Data  Gb  test_mpbMathDivision_runner.o [1]
HEAP$$Base              0x2000'8728           --   Gb  - Linker created -
HEAP$$Limit             0x2000'8f28           --   Gb  - Linker created -
HardFault_Handler            0x11cb          Code  Wk  vectortrap_M.o [4]
MemManage_Handler            0x11cb          Code  Wk  vectortrap_M.o [4]
Mock                    0x2000'8218    0x50  Data  Lc  mock_mpbMath.o [1]
NMI_Handler                  0x11cb          Code  Wk  vectortrap_M.o [4]
PendSV_Handler               0x11cb          Code  Wk  vectortrap_M.o [4]
Region$$Table$$Base          0x3404           --   Gb  - Linker created -
Region$$Table$$Limit         0x3424           --   Gb  - Linker created -
SVC_Handler                  0x11cb          Code  Wk  vectortrap_M.o [4]
SysTick_Handler              0x11cb          Code  Wk  vectortrap_M.o [4]
Unity                   0x2000'81b0    0x68  Data  Gb  unity.o [1]
UnityAddMsgIfSpecified        0xc27    0x4c  Code  Lc  unity.o [1]
UnityAssertEqualNumber        0xc81    0x64  Code  Gb  unity.o [1]
UnityAssertFloatsWithin
                              0xdbd    0x5e  Code  Gb  unity.o [1]
UnityBegin                    0xed3    0x2a  Code  Gb  unity.o [1]
UnityConcludeTest             0xbe5    0x42  Code  Gb  unity.o [1]
UnityEnd                      0xefd    0x5e  Code  Gb  unity.o [1]
UnityFail                     0xe5d    0x76  Code  Gb  unity.o [1]
UnityFloatsWithin             0xce5    0xd8  Code  Lc  unity.o [1]
UnityPrint                    0x89d    0x5e  Code  Gb  unity.o [1]
UnityPrintFloat               0x9cf   0x1cc  Code  Gb  unity.o [1]
UnityPrintNumber              0x93f    0x1a  Code  Gb  unity.o [1]
UnityPrintNumberByStyle
                              0x8fb    0x44  Code  Gb  unity.o [1]
UnityPrintNumberHex           0x98f    0x40  Code  Gb  unity.o [1]
UnityPrintNumberUnsigned
                              0x959    0x36  Code  Gb  unity.o [1]
UnityStrBreaker              0x3514    0x18  Data  Lc  unity.o [1]
UnityStrDetail1Name          0x3578     0xc  Data  Lc  unity.o [1]
UnityStrDetail2Name          0x3584     0xc  Data  Lc  unity.o [1]
UnityStrExpected             0x3554     0xc  Data  Lc  unity.o [1]
UnityStrFail                 0x35a0     0x8  Data  Lc  unity.o [1]
UnityStrOk                   0x35b8     0x4  Data  Lc  unity.o [1]
UnityStrPass                 0x3598     0x8  Data  Lc  unity.o [1]
UnityStrResultsFailures
                             0x3560     0xc  Data  Lc  unity.o [1]
UnityStrResultsIgnored       0x356c     0xc  Data  Lc  unity.o [1]
UnityStrResultsTests         0x35b0     0x8  Data  Lc  unity.o [1]
UnityStrSpacer               0x35bc     0x4  Data  Lc  unity.o [1]
UnityStrWas                  0x35a8     0x8  Data  Lc  unity.o [1]
UnityTestResultsBegin         0xb9b    0x2c  Code  Lc  unity.o [1]
UnityTestResultsFailBegin
                              0xbc7    0x1e  Code  Lc  unity.o [1]
UsageFault_Handler           0x11cb          Code  Wk  vectortrap_M.o [4]
_Close_all                   0x2ff5    0x40  Code  Gb  xcloseall.o [2]
_Files                  0x2000'0108    0x20  Data  Gb  xfiles.o [2]
_Fofree                      0x2e71    0x94  Code  Gb  xfofind.o [2]
_Fspos                       0x19ed    0xd8  Code  Gb  xfspos.o [2]
_Fwprep                      0x16ef    0xb4  Code  Gb  xfwprep.o [2]
_Nnl                         0x1ae3     0xc  Code  Gb  xfgpos.o [2]
__aeabi_JMP_BUF_SIZE {Abs}
                                0x8           --   Gb  setjmp.o [3]
__aeabi_cfcmpeq              0x1341          Code  Gb  FltCmpEq.o [3]
__aeabi_cfcmple              0x1319          Code  Gb  FltCmpLe.o [3]
__aeabi_cfrcmple             0x14b5          Code  Gb  FltCmpGe.o [3]
__aeabi_d2f                  0x12a5          Code  Gb  DblToFlt.o [3]
__aeabi_dadd                 0x2379          Code  Gb  DblAddSub.o [3]
__aeabi_ddiv                 0x25e5          Code  Gb  DblDiv.o [3]
__aeabi_dmul                 0x2849          Code  Gb  DblMul.o [3]
__aeabi_f2d                  0x2331          Code  Gb  FltToDbl.o [3]
__aeabi_f2iz                 0x164d          Code  Gb  FltToS32.o [3]
__aeabi_fadd                 0x14dd          Code  Gb  FltAddSub.o [3]
__aeabi_fdiv                 0x135d          Code  Gb  FltDiv.o [3]
__aeabi_fmul                 0x11cd          Code  Gb  FltMul.o [3]
__aeabi_fsub                 0x15bd          Code  Gb  FltAddSub.o [3]
__aeabi_memset               0x1079          Code  Gb  ABImemset.o [4]
__aeabi_ui2d                 0x282d          Code  Gb  U32ToDbl.o [3]
__aeabi_ui2f                 0x25c9          Code  Gb  U32ToFlt.o [3]
__basic_free                 0x18fd    0x16  Code  Gb  heap0.o [2]
__basic_free_intern          0x1913    0x74  Code  Lc  heap0.o [2]
__basic_malloc               0x1851    0x18  Code  Gb  heap0.o [2]
__basic_malloc_intern        0x1869    0x94  Code  Lc  heap0.o [2]
__cexit_closeall             0x346f          Code  Gb  cexit.o [4]
__close                      0x2f8f    0x18  Code  Gb  close.o [5]
__cmain                      0x3445          Code  Gb  cmain.o [4]
__cstart_closeall            0x35c0          Data  Gb  cstart_closeall.o [4]
__data_GetMemChunk           0x19c1    0x2c  Code  Gb  xgetmemchunk.o [2]
__data_GetMemChunk::start
                        0x2000'8320     0x4  Data  Lc  xgetmemchunk.o [2]
__dwrite                     0x1ac5    0x1e  Code  Gb  dwrite.o [5]
__exit                       0x347d    0x14  Code  Gb  exit.o [5]
__iar_Memset                 0x1079          Code  Gb  ABImemset.o [4]
__iar_Memset_word            0x1081          Code  Gb  ABImemset.o [4]
__iar_Stderr            0x2000'00c0    0x48  Data  Gb  xfiles.o [2]
__iar_Stdin             0x2000'0030    0x48  Data  Gb  xfiles.o [2]
__iar_Stdout            0x2000'0078    0x48  Data  Gb  xfiles.o [2]
__iar_close_ttio             0x1c4d    0x2c  Code  Gb  iarttio.o [5]
__iar_data_init3             0x3395    0x28  Code  Gb  data_init.o [4]
__iar_get_ttio               0x1c79    0x4c  Code  Gb  iarttio.o [5]
__iar_lookup_ttioh           0x1cc9     0x8  Code  Gb  XShttio.o [2]
__iar_lz77_init_single3
                             0x10df    0x76  Code  Gb  lz77_init_single.o [4]
__iar_program_start          0x34c9          Code  Gb  cstartup_M.o [4]
__iar_sh_Discard             0x1b81    0x42  Code  Gb  XShHandles.o [2]
__iar_sh_Move                0x1bc3    0x46  Code  Gb  XShHandles.o [2]
__iar_sh_Pos                 0x1c09    0x40  Code  Gb  XShHandles.o [2]
__iar_sh_stdout              0x1b3d    0x20  Code  Gb  iarwstd.o [5]
__iar_sh_write               0x1b5d    0x22  Code  Gb  iarwrite.o [5]
__iar_ttio_handles      0x2000'0128     0x8  Data  Lc  XShttio.o [2]
__iar_unaligned_memcpy       0x1155          Code  Gb  ABImemcpy_unaligned.o [4]
__iar_unaligned_memcpy4
                             0x1175          Code  Gb  ABImemcpy_unaligned.o [4]
__iar_unaligned_memcpy8
                             0x1175          Code  Gb  ABImemcpy_unaligned.o [4]
__iar_zero_init3             0x3151    0x38  Code  Gb  zero_init3.o [4]
__isinff                     0x1475    0x40  Code  Gb  unity.o [1]
__low_level_init             0x3463     0x4  Code  Gb  low_level_init.o [2]
__lseek                      0x1aef    0x4e  Code  Gb  lseek.o [5]
__vector_table                  0x0          Data  Gb  vector_table_M.o [4]
__write                      0x19b1    0x10  Code  Gb  write.o [5]
_call_main                   0x3451          Code  Gb  cmain.o [4]
_exit                        0x346d          Code  Gb  cexit.o [4]
eMpbMathDivisionDouble       0x22b3    0x70  Code  Gb  mpbMathDivision.o [1]
eMpbMathDivisionFloat        0x2259    0x5a  Code  Gb  mpbMathDivision.o [1]
eMpbMathDivisionU32          0x223d    0x1c  Code  Gb  mpbMathDivision.o [1]
eMpbMathDoubleIsInfinity
                              0x68d   0x138  Code  Gb  mock_mpbMath.o [1]
eMpbMathDoubleIsInfinity_CMockExpectAndReturn
                              0x7e5    0x84  Code  Gb  mock_mpbMath.o [1]
eMpbMathDoubleIsNaN           0x4b7   0x146  Code  Gb  mock_mpbMath.o [1]
eMpbMathDoubleIsNaN_CMockExpectAndReturn
                              0x607    0x86  Code  Gb  mock_mpbMath.o [1]
eMpbMathFloatIsInfinity
                              0x30f   0x11c  Code  Gb  mock_mpbMath.o [1]
eMpbMathFloatIsInfinity_CMockExpectAndReturn
                              0x433    0x84  Code  Gb  mock_mpbMath.o [1]
eMpbMathFloatIsNaN            0x167   0x11c  Code  Gb  mock_mpbMath.o [1]
eMpbMathFloatIsNaN_CMockExpectAndReturn
                              0x28b    0x84  Code  Gb  mock_mpbMath.o [1]
ebuf                    0x2000'8268    0x50  Data  Lc  xfiles.o [2]
exit                         0x3467     0x4  Code  Gb  exit.o [2]
fclose                       0x2f11    0x7e  Code  Gb  fclose.o [2]
fflush                       0x1819    0x34  Code  Gb  fflush.o [2]
fflushOne                    0x17a5    0x74  Code  Lc  fflush.o [2]
fputc                        0x1699    0x56  Code  Gb  fputc.o [2]
free                         0x2f0d     0x4  Code  Gb  heaptramp0.o [2]
fseek                        0x198d    0x24  Code  Gb  fseek.o [2]
longjmp                      0x1685          Code  Gb  setjmp.o [3]
main                         0x2a29   0x3fc  Code  Gb  test_mpbMathDivision_runner.o [1]
mock_mpbMath_Destroy          0x11f    0x48  Code  Gb  mock_mpbMath.o [1]
mock_mpbMath_Init             0x117     0x8  Code  Gb  mock_mpbMath.o [1]
mock_mpbMath_Verify            0x41    0xd6  Code  Gb  mock_mpbMath.o [1]
obuf                    0x2000'82b8    0x50  Data  Lc  xfiles.o [2]
putchar                      0x130d     0xc  Code  Gb  putchar.o [2]
remove                       0x2fa7    0x14  Code  Gb  remove.o [5]
sFileInfo               0x2000'8130    0x80  Data  Lc  XShHandles.o [2]
setUp                        0x1cd1     0x2  Code  Gb  test_mpbMathDivision.o [1]
setjmp                       0x1675          Code  Gb  setjmp.o [3]
strlen                       0x2fbd          Code  Gb  strlen.o [4]
suite_setup                  0x2a25     0x2  Code  Lc  test_mpbMathDivision_runner.o [1]
suite_teardown               0x2a27     0x2  Code  Lc  test_mpbMathDivision_runner.o [1]
tearDown                     0x1cd3     0x2  Code  Gb  test_mpbMathDivision.o [1]
test_eMpbMathDivisionDouble_DivideBy0AndNullPointer_Fail
                             0x2009    0x2a  Code  Gb  test_mpbMathDivision.o [1]
test_eMpbMathDivisionDouble_DivisionAndReturn_Success
                             0x2033   0x188  Code  Gb  test_mpbMathDivision.o [1]
test_eMpbMathDivisionDouble_InfinityDivision_Fail
                             0x1f59    0x38  Code  Gb  test_mpbMathDivision.o [1]
test_eMpbMathDivisionDouble_NaNDivision_Fail
                             0x1f91    0x4e  Code  Gb  test_mpbMathDivision.o [1]
test_eMpbMathDivisionDouble_NullPointer_Fail
                             0x1fdf    0x2a  Code  Gb  test_mpbMathDivision.o [1]
test_eMpbMathDivisionFloat_DivideBy0AndNullPointer_Fail
                             0x1e09    0x24  Code  Gb  test_mpbMathDivision.o [1]
test_eMpbMathDivisionFloat_DivisionAndReturn_Success
                             0x1e2d   0x12c  Code  Gb  test_mpbMathDivision.o [1]
test_eMpbMathDivisionFloat_InfinityDivision_Fail
                             0x1d79    0x30  Code  Gb  test_mpbMathDivision.o [1]
test_eMpbMathDivisionFloat_NaNDivision_Fail
                             0x1da9    0x3a  Code  Gb  test_mpbMathDivision.o [1]
test_eMpbMathDivisionFloat_NullPointer_Fail
                             0x1de3    0x26  Code  Gb  test_mpbMathDivision.o [1]
test_eMpbMathDivisionU32_DivideBy0AndNullPointer_Fail
                             0x1d1f    0x24  Code  Gb  test_mpbMathDivision.o [1]
test_eMpbMathDivisionU32_DivideBy0_Fail
                             0x1cd5    0x24  Code  Gb  test_mpbMathDivision.o [1]
test_eMpbMathDivisionU32_DivisionAndReturn_Success
                             0x1d43    0x36  Code  Gb  test_mpbMathDivision.o [1]
test_eMpbMathDivisionU32_NullPointer_Fail
                             0x1cf9    0x26  Code  Gb  test_mpbMathDivision.o [1]
vroundf                      0x221d    0x20  Code  Gb  mpbMathDivision.o [1]


[1] = C:\mpbComponent\mpbMath\UnitTestFramework\build\test\out\c
[2] = dl7M_tlf.a
[3] = m7M_tl.a
[4] = rt7M_tl.a
[5] = shb_l.a

  12'540 bytes of readonly  code memory
   1'354 bytes of readonly  data memory
  36'644 bytes of readwrite data memory

Errors: none
Warnings: none
