###############################################################################
#
# IAR ELF Linker V9.10.1.308/W64 for ARM                  09/Feb/2022  15:06:49
# Copyright 2007-2021 IAR Systems AB.
#
#    Output file  =  build/test/out/test_CurrentSensing.out
#    Map file     =  build/test/tests.map
#    Command line =
#        --vfe --redirect _Printf=_PrintfFull --redirect _Scanf=_ScanfFull
#        --semihosting --config "C:\Program Files\IAR Systems\Embedded
#        Workbench 9.0\arm\config\generic_cortex.icf" --map
#        build/test/tests.map -o build/test/out/test_CurrentSensing.out
#        build/test/out/c/test_CurrentSensing_runner.o
#        build/test/out/c/test_CurrentSensing.o
#        build/test/out/c/mock_test_CurrentSensing.o build/test/out/c/unity.o
#        build/test/out/c/CurrentSensing.o build/test/out/c/cmock.o
#
###############################################################################

*******************************************************************************
*** RUNTIME MODEL ATTRIBUTES
***

CppFlavor                   = *
__Heap_Handler              = Basic
__SystemLibrary             = DLib
__dlib_jmp_buf_num_elements = 8
__dlib_version              = 6


*******************************************************************************
*** HEAP SELECTION
***

The basic heap was selected because some modules are built with
size limitations (and not runtime checking), and --advanced_heap
was not specified.


*******************************************************************************
*** PLACEMENT SUMMARY
***

"A0":  place at address 0x0 { ro section .intvec };
"P1":  place in [from 0x0 to 0x7'ffff] { ro };
define block CSTACK with size = 1K, alignment = 8 { };
define block PROC_STACK with size = 0, alignment = 8 { };
define block HEAP with size = 2K, alignment = 8 { };
"P2":  place in [from 0x2000'0000 to 0x2000'ffff] {
          rw, block CSTACK, block PROC_STACK, block HEAP };
initialize by copy { rw };

  Section            Kind         Address    Size  Object
  -------            ----         -------    ----  ------
"A0":                                        0x40
  .intvec            ro code          0x0    0x40  vector_table_M.o [4]
                                   - 0x40    0x40

"P1":                                      0x267e
  .text              ro code         0x40   0x970  unity.o [1]
  .text              ro code        0x9b0     0xc  putchar.o [2]
  .text              ro code        0x9bc    0x28  FltCmpLe.o [3]
  .text              ro code        0x9e4    0x1c  FltCmpEq.o [3]
  .text              ro code        0xa00   0x118  FltDiv.o [3]
  .text              ro code        0xb18    0x40  unity.o [1]
  .text              ro code        0xb58    0xd8  FltMul.o [3]
  .text              ro code        0xc30    0x28  FltCmpGe.o [3]
  .text              ro code        0xc58   0x16e  FltAddSub.o [3]
  .text              ro code        0xdc6    0x76  lz77_init_single.o [4]
  .text              ro code        0xe3c    0x26  FltToS32.o [3]
  .text              ro code        0xe62     0x2  vectortrap_M.o [4]
  .text              ro code        0xe64    0x24  setjmp.o [3]
  .text              ro code        0xe88    0x56  fputc.o [2]
  .text              ro code        0xede    0xb4  xfwprep.o [2]
  .text              ro code        0xf94    0xac  fflush.o [2]
  .text              ro code       0x1040   0x13c  heap0.o [2]
  .text              ro code       0x117c    0x24  fseek.o [2]
  .text              ro code       0x11a0    0x10  write.o [5]
  .text              ro code       0x11b0    0x2c  xgetmemchunk.o [2]
  .text              ro code       0x11dc    0xd8  xfspos.o [2]
  .text              ro code       0x12b4    0x1e  dwrite.o [5]
  .text              ro code       0x12d2     0xc  xfgpos.o [2]
  .text              ro code       0x12de    0x4e  lseek.o [5]
  .text              ro code       0x132c    0x20  iarwstd.o [5]
  .text              ro code       0x134c    0x22  iarwrite.o [5]
  .text              ro code       0x1370    0xcc  XShHandles.o [2]
  .text              ro code       0x143c    0x7c  iarttio.o [5]
  .text              ro code       0x14b8     0x8  XShttio.o [2]
  .text              ro code       0x14c0   0x314  mock_test_CurrentSensing.o [1]
  .text              ro code       0x17d4   0x108  cmock.o [1]
  .text              ro code       0x18dc    0x66  ABImemset.o [4]
  .text              ro code       0x1944    0x76  ABImemcpy_unaligned.o [4]
  .text              ro code       0x19bc   0x2dc  test_CurrentSensing.o [1]
  .text              ro code       0x1c98    0x48  CurrentSensing.o [1]
  .text              ro code       0x1ce0   0x268  test_CurrentSensing_runner.o [1]
  .text              ro code       0x1f48    0x9c  xfofind.o [2]
  .text              ro code       0x1fe4     0x4  heaptramp0.o [2]
  .text              ro code       0x1fe8    0x7e  fclose.o [2]
  .text              ro code       0x2066    0x18  close.o [5]
  .text              ro code       0x207e    0x14  remove.o [5]
  .text              ro code       0x2094    0x36  strlen.o [4]
  .rodata            const         0x20cc    0x40  test_CurrentSensing_runner.o [1]
  .rodata            const         0x210c    0x40  test_CurrentSensing_runner.o [1]
  .rodata            const         0x214c    0x40  test_CurrentSensing_runner.o [1]
  .text              ro code       0x218c    0x40  xcloseall.o [2]
  .rodata            const         0x21cc    0x38  test_CurrentSensing_runner.o [1]
  .rodata            const         0x2204    0x38  test_CurrentSensing_runner.o [1]
  .rodata            const         0x223c    0x38  unity.o [1]
  .text              ro code       0x2274    0x38  zero_init3.o [4]
  .rodata            const         0x22ac    0x34  cmock.o [1]
  .rodata            const         0x22e0    0x30  test_CurrentSensing_runner.o [1]
  .rodata            const         0x2310    0x30  test_CurrentSensing_runner.o [1]
  .rodata            const         0x2340    0x30  cmock.o [1]
  .text              ro code       0x2370    0x28  data_init.o [4]
  .rodata            const         0x2398    0x24  cmock.o [1]
  .rodata            const         0x23bc    0x24  cmock.o [1]
  .rodata            const         0x23e0    0x24  cmock.o [1]
  .iar.init_table    const         0x2404    0x20  - Linker created -
  .rodata            const         0x2424    0x20  unity.o [1]
  .rodata            const         0x2444    0x20  cmock.o [1]
  .rodata            const         0x2464    0x20  cmock.o [1]
  .text              ro code       0x2484    0x1e  cmain.o [4]
  .text              ro code       0x24a2     0x4  low_level_init.o [2]
  .text              ro code       0x24a6     0x4  exit.o [2]
  .text              ro code       0x24ac     0xe  cexit.o [4]
  .text              ro code       0x24bc    0x14  exit.o [5]
  .rodata            const         0x24d0    0x1c  mock_test_CurrentSensing.o [1]
  .rodata            const         0x24ec    0x1c  unity.o [1]
  .rodata            const         0x2508    0x1c  cmock.o [1]
  .text              ro code       0x2524    0x1c  cstartup_M.o [4]
  .rodata            const         0x2540    0x18  test_CurrentSensing_runner.o [1]
  .rodata            const         0x2558    0x18  unity.o [1]
  .rodata            const         0x2570    0x14  unity.o [1]
  .rodata            const         0x2584    0x14  cmock.o [1]
  .rodata            const         0x2598    0x10  cmock.o [1]
  .rodata            const         0x25a8     0xc  mock_test_CurrentSensing.o [1]
  .rodata            const         0x25b4     0xc  unity.o [1]
  .rodata            const         0x25c0     0xc  unity.o [1]
  .rodata            const         0x25cc     0xc  unity.o [1]
  .rodata            const         0x25d8     0xc  unity.o [1]
  .rodata            const         0x25e4     0xc  unity.o [1]
  .rodata            const         0x25f0     0xc  unity.o [1]
  .rodata            const         0x25fc     0x8  mock_test_CurrentSensing.o [1]
  .rodata            const         0x2604     0x8  unity.o [1]
  .rodata            const         0x260c     0x8  unity.o [1]
  .rodata            const         0x2614     0x8  unity.o [1]
  .rodata            const         0x261c     0x8  unity.o [1]
  .rodata            const         0x2624     0x8  unity.o [1]
  .rodata            const         0x262c     0x4  unity.o [1]
  .rodata            const         0x2630     0x4  unity.o [1]
  .text              ro code       0x2634     0x0  cstart_closeall.o [4]
  .rodata            const         0x2634     0x0  zero_init3.o [4]
  .rodata            const         0x2634     0x0  lz77_init_single.o [4]
  Initializer bytes  const         0x2634    0x8a  <for P2-1>
                                 - 0x26be  0x267e

"P2", part 1 of 3:                          0x138
  P2-1                        0x2000'0000   0x138  <Init block>
    .data            inited   0x2000'0000     0x4  mock_test_CurrentSensing.o [1]
    .data            inited   0x2000'0004     0x4  mock_test_CurrentSensing.o [1]
    .data            inited   0x2000'0008     0x4  mock_test_CurrentSensing.o [1]
    .data            inited   0x2000'000c     0x4  cmock.o [1]
    .data            inited   0x2000'0010     0x4  cmock.o [1]
    .data            inited   0x2000'0014     0x4  cmock.o [1]
    .data            inited   0x2000'0018     0x4  cmock.o [1]
    .data            inited   0x2000'001c     0x4  cmock.o [1]
    .data            inited   0x2000'0020     0x4  cmock.o [1]
    .data            inited   0x2000'0024     0x4  cmock.o [1]
    .data            inited   0x2000'0028     0x4  cmock.o [1]
    .data            inited   0x2000'002c     0x4  cmock.o [1]
    .data            inited   0x2000'0030     0x4  cmock.o [1]
    .data            inited   0x2000'0034     0x4  cmock.o [1]
    .data            inited   0x2000'0038    0x48  xfiles.o [2]
    .data            inited   0x2000'0080    0x48  xfiles.o [2]
    .data            inited   0x2000'00c8    0x48  xfiles.o [2]
    .data            inited   0x2000'0110    0x20  xfiles.o [2]
    .data            inited   0x2000'0130     0x8  XShttio.o [2]
                            - 0x2000'0138   0x138

"P2", part 2 of 3:                         0x81c8
  .bss               zero     0x2000'0138  0x8000  cmock.o [1]
  .bss               zero     0x2000'8138    0x80  XShHandles.o [2]
  .bss               zero     0x2000'81b8    0x68  unity.o [1]
  .bss               zero     0x2000'8220    0x50  xfiles.o [2]
  .bss               zero     0x2000'8270    0x50  xfiles.o [2]
  .bss               zero     0x2000'82c0    0x14  mock_test_CurrentSensing.o [1]
  .bss               zero     0x2000'82d4     0x8  test_CurrentSensing.o [1]
  .bss               zero     0x2000'82dc     0x8  heap0.o [2]
  .bss               zero     0x2000'82e4     0x4  test_CurrentSensing_runner.o [1]
  .bss               zero     0x2000'82e8     0x4  test_CurrentSensing_runner.o [1]
  .bss               zero     0x2000'82ec     0x4  test_CurrentSensing_runner.o [1]
  .bss               zero     0x2000'82f0     0x4  test_CurrentSensing.o [1]
  .bss               zero     0x2000'82f4     0x4  cmock.o [1]
  .bss               zero     0x2000'82f8     0x4  xgetmemchunk.o [2]
  .bss               zero     0x2000'82fc     0x1  test_CurrentSensing.o [1]
                            - 0x2000'82fd  0x81c5

"P2", part 3 of 3:                          0xc00
  CSTACK                      0x2000'8300   0x400  <Block>
    CSTACK           uninit   0x2000'8300   0x400  <Block tail>
  HEAP                        0x2000'8700   0x800  <Block>
    HEAP             uninit   0x2000'8700   0x800  <Block tail>
                            - 0x2000'8f00   0xc00

Unused ranges:

         From           To      Size
         ----           --      ----
       0x26be     0x7'ffff  0x7'd942
  0x2000'8f00  0x2000'ffff    0x7100


*******************************************************************************
*** INIT TABLE
***

          Address      Size
          -------      ----
Zero (__iar_zero_init3)
    1 destination range, total size 0x81c5:
          0x2000'0138  0x81c5

Copy/lz77 (__iar_lz77_init_single3)
    1 source range, total size 0x8a (44% of destination):
               0x2634    0x8a
    1 destination range, total size 0x138:
          0x2000'0000   0x138



*******************************************************************************
*** MODULE SUMMARY
***

    Module                        ro code  ro data  rw data
    ------                        -------  -------  -------
command line/config:
    -------------------------------------------------------
    Total:

C:\mpbComponent\mpbCurrentSensors\CurrentSensing\UnitTestFramework\build\test\out\c: [1]
    CurrentSensing.o                   72
    cmock.o                           264      355   32'816
    mock_test_CurrentSensing.o        788       53       32
    test_CurrentSensing.o             732                13
    test_CurrentSensing_runner.o      616      424       12
    unity.o                         2'480      280      104
    -------------------------------------------------------
    Total:                          4'952    1'112   32'977

dl7M_tlf.a: [2]
    XShHandles.o                      204               128
    XShttio.o                           8        4        8
    exit.o                              4
    fclose.o                          126
    fflush.o                          172
    fputc.o                            86
    fseek.o                            36
    heap0.o                           316                 8
    heaptramp0.o                        4
    low_level_init.o                    4
    putchar.o                          12
    xcloseall.o                        64
    xfgpos.o                           12
    xfiles.o                                   110      408
    xfofind.o                         156
    xfspos.o                          216
    xfwprep.o                         180
    xgetmemchunk.o                     44                 4
    -------------------------------------------------------
    Total:                          1'644      114      556

m7M_tl.a: [3]
    FltAddSub.o                       366
    FltCmpEq.o                         28
    FltCmpGe.o                         40
    FltCmpLe.o                         40
    FltDiv.o                          280
    FltMul.o                          216
    FltToS32.o                         38
    setjmp.o                           36
    -------------------------------------------------------
    Total:                          1'044

rt7M_tl.a: [4]
    ABImemcpy_unaligned.o             118
    ABImemset.o                       102
    cexit.o                            14
    cmain.o                            30
    cstart_closeall.o
    cstartup_M.o                       28
    data_init.o                        40
    lz77_init_single.o                118
    strlen.o                           54
    vector_table_M.o                   64
    vectortrap_M.o                      2
    zero_init3.o                       56
    -------------------------------------------------------
    Total:                            626

shb_l.a: [5]
    close.o                            24
    dwrite.o                           30
    exit.o                             20
    iarttio.o                         124
    iarwrite.o                         34
    iarwstd.o                          32
    lseek.o                            78
    remove.o                           20
    write.o                            16
    -------------------------------------------------------
    Total:                            378

    Gaps                               14        2
    Linker created                              32    3'072
-----------------------------------------------------------
    Grand Total:                    8'658    1'260   36'605


*******************************************************************************
*** ENTRY LIST
***

Entry                       Address    Size  Type      Object
-----                       -------    ----  ----      ------
.iar.init_table$$Base        0x2404           --   Gb  - Linker created -
.iar.init_table$$Limit       0x2424           --   Gb  - Linker created -
?main                        0x2485          Code  Gb  cmain.o [4]
Aldata                  0x2000'82dc     0x8  Data  Lc  heap0.o [2]
BusFault_Handler              0xe63          Code  Wk  vectortrap_M.o [4]
CMockExpectParameters_eCurrentSensingAnalogReadmV
                             0x1691    0x28  Code  Gb  mock_test_CurrentSensing.o [1]
CMockStringCalledEarly  0x2000'0018     0x4  Data  Gb  cmock.o [1]
CMockStringCalledLate   0x2000'001c     0x4  Data  Gb  cmock.o [1]
CMockStringCalledLess   0x2000'0014     0x4  Data  Gb  cmock.o [1]
CMockStringCalledMore   0x2000'0010     0x4  Data  Gb  cmock.o [1]
CMockStringExpNULL      0x2000'002c     0x4  Data  Gb  cmock.o [1]
CMockStringIgnPreExp    0x2000'0020     0x4  Data  Gb  cmock.o [1]
CMockStringMismatch     0x2000'0030     0x4  Data  Gb  cmock.o [1]
CMockStringOutOfMemory  0x2000'000c     0x4  Data  Gb  cmock.o [1]
CMockStringPtrIsNULL    0x2000'0028     0x4  Data  Gb  cmock.o [1]
CMockStringPtrPreExp    0x2000'0024     0x4  Data  Gb  cmock.o [1]
CMockString_eCurrentSensingAnalogReadmV
                        0x2000'0000     0x4  Data  Lc  mock_test_CurrentSensing.o [1]
CMockString_pxVoltage   0x2000'0004     0x4  Data  Lc  mock_test_CurrentSensing.o [1]
CMockString_xStream     0x2000'0008     0x4  Data  Lc  mock_test_CurrentSensing.o [1]
CMock_Destroy                0x1d03     0x8  Code  Lc  test_CurrentSensing_runner.o [1]
CMock_Guts_BufferArray  0x2000'0138  0x8000  Data  Lc  cmock.o [1]
CMock_Guts_BufferSize   0x2000'0034     0x4  Data  Lc  cmock.o [1]
CMock_Guts_FreePtr      0x2000'82f4     0x4  Data  Lc  cmock.o [1]
CMock_Guts_GetAddressFor
                             0x18ab    0x16  Code  Gb  cmock.o [1]
CMock_Guts_MemChain          0x1817    0x58  Code  Gb  cmock.o [1]
CMock_Guts_MemEndOfChain
                             0x1895    0x16  Code  Gb  cmock.o [1]
CMock_Guts_MemFreeAll        0x18c1     0x8  Code  Gb  cmock.o [1]
CMock_Guts_MemFreeFinal
                             0x18c9     0x8  Code  Gb  cmock.o [1]
CMock_Guts_MemNew            0x17d5    0x42  Code  Gb  cmock.o [1]
CMock_Guts_MemNext           0x186f    0x26  Code  Gb  cmock.o [1]
CMock_Init                   0x1ce1    0x1a  Code  Lc  test_CurrentSensing_runner.o [1]
CMock_Verify                 0x1cfb     0x8  Code  Lc  test_CurrentSensing_runner.o [1]
CSTACK$$Base            0x2000'8300           --   Gb  - Linker created -
CSTACK$$Limit           0x2000'8700           --   Gb  - Linker created -
DebugMon_Handler              0xe63          Code  Wk  vectortrap_M.o [4]
GlobalExpectCount       0x2000'82e4     0x4  Data  Gb  test_CurrentSensing_runner.o [1]
GlobalOrderError        0x2000'82ec     0x4  Data  Gb  test_CurrentSensing_runner.o [1]
GlobalVerifyOrder       0x2000'82e8     0x4  Data  Gb  test_CurrentSensing_runner.o [1]
HEAP$$Base              0x2000'8700           --   Gb  - Linker created -
HEAP$$Limit             0x2000'8f00           --   Gb  - Linker created -
HardFault_Handler             0xe63          Code  Wk  vectortrap_M.o [4]
MemManage_Handler             0xe63          Code  Wk  vectortrap_M.o [4]
Mock                    0x2000'82c0    0x14  Data  Lc  mock_test_CurrentSensing.o [1]
NMI_Handler                   0xe63          Code  Wk  vectortrap_M.o [4]
PendSV_Handler                0xe63          Code  Wk  vectortrap_M.o [4]
Region$$Table$$Base          0x2404           --   Gb  - Linker created -
Region$$Table$$Limit         0x2424           --   Gb  - Linker created -
SVC_Handler                   0xe63          Code  Wk  vectortrap_M.o [4]
SysTick_Handler               0xe63          Code  Wk  vectortrap_M.o [4]
Unity                   0x2000'81b8    0x68  Data  Gb  unity.o [1]
UnityAddMsgIfSpecified        0x3cb    0x4c  Code  Lc  unity.o [1]
UnityAssertEqualFloatArray
                              0x5a9    0xf8  Code  Gb  unity.o [1]
UnityAssertEqualMemory        0x73d   0x124  Code  Gb  unity.o [1]
UnityAssertEqualNumber        0x46d    0x64  Code  Gb  unity.o [1]
UnityAssertFloatsWithin
                              0x6a1    0x5e  Code  Gb  unity.o [1]
UnityBegin                    0x8e5    0x2a  Code  Gb  unity.o [1]
UnityConcludeTest             0x389    0x42  Code  Gb  unity.o [1]
UnityEnd                      0x90f    0x5e  Code  Gb  unity.o [1]
UnityFail                     0x869    0x76  Code  Gb  unity.o [1]
UnityFloatsWithin             0x4d1    0xd8  Code  Lc  unity.o [1]
UnityIsOneArrayNull           0x425    0x48  Code  Lc  unity.o [1]
UnityPrint                     0x41    0x5e  Code  Gb  unity.o [1]
UnityPrintFloat               0x173   0x1cc  Code  Gb  unity.o [1]
UnityPrintNumber               0xe3    0x1a  Code  Gb  unity.o [1]
UnityPrintNumberByStyle
                               0x9f    0x44  Code  Gb  unity.o [1]
UnityPrintNumberHex           0x133    0x40  Code  Gb  unity.o [1]
UnityPrintNumberUnsigned
                               0xfd    0x36  Code  Gb  unity.o [1]
UnityStrBreaker              0x2558    0x18  Data  Lc  unity.o [1]
UnityStrByte                 0x261c     0x8  Data  Lc  unity.o [1]
UnityStrDetail1Name          0x25e4     0xc  Data  Lc  unity.o [1]
UnityStrDetail2Name          0x25f0     0xc  Data  Lc  unity.o [1]
UnityStrElement              0x25c0     0xc  Data  Lc  unity.o [1]
UnityStrExpected             0x25b4     0xc  Data  Lc  unity.o [1]
UnityStrFail                 0x260c     0x8  Data  Lc  unity.o [1]
UnityStrMemory               0x2570    0x14  Data  Lc  unity.o [1]
UnityStrNullPointerForActual
                             0x24ec    0x1c  Data  Lc  unity.o [1]
UnityStrNullPointerForExpected
                             0x2424    0x20  Data  Lc  unity.o [1]
UnityStrOk                   0x262c     0x4  Data  Lc  unity.o [1]
UnityStrPass                 0x2604     0x8  Data  Lc  unity.o [1]
UnityStrPointless            0x223c    0x38  Data  Lc  unity.o [1]
UnityStrResultsFailures
                             0x25cc     0xc  Data  Lc  unity.o [1]
UnityStrResultsIgnored       0x25d8     0xc  Data  Lc  unity.o [1]
UnityStrResultsTests         0x2624     0x8  Data  Lc  unity.o [1]
UnityStrSpacer               0x2630     0x4  Data  Lc  unity.o [1]
UnityStrWas                  0x2614     0x8  Data  Lc  unity.o [1]
UnityTestResultsBegin         0x33f    0x2c  Code  Lc  unity.o [1]
UnityTestResultsFailBegin
                              0x36b    0x1e  Code  Lc  unity.o [1]
UsageFault_Handler            0xe63          Code  Wk  vectortrap_M.o [4]
_Close_all                   0x218d    0x40  Code  Gb  xcloseall.o [2]
_Files                  0x2000'0110    0x20  Data  Gb  xfiles.o [2]
_Fofree                      0x1f49    0x94  Code  Gb  xfofind.o [2]
_Fspos                       0x11dd    0xd8  Code  Gb  xfspos.o [2]
_Fwprep                       0xedf    0xb4  Code  Gb  xfwprep.o [2]
_Nnl                         0x12d3     0xc  Code  Gb  xfgpos.o [2]
__aeabi_JMP_BUF_SIZE {Abs}
                                0x8           --   Gb  setjmp.o [3]
__aeabi_cfcmpeq               0x9e5          Code  Gb  FltCmpEq.o [3]
__aeabi_cfcmple               0x9bd          Code  Gb  FltCmpLe.o [3]
__aeabi_cfrcmple              0xc31          Code  Gb  FltCmpGe.o [3]
__aeabi_f2iz                  0xe3d          Code  Gb  FltToS32.o [3]
__aeabi_fadd                  0xc59          Code  Gb  FltAddSub.o [3]
__aeabi_fdiv                  0xa01          Code  Gb  FltDiv.o [3]
__aeabi_fmul                  0xb59          Code  Gb  FltMul.o [3]
__aeabi_fsub                  0xd39          Code  Gb  FltAddSub.o [3]
__aeabi_memset               0x18dd          Code  Gb  ABImemset.o [4]
__basic_free                 0x10ed    0x16  Code  Gb  heap0.o [2]
__basic_free_intern          0x1103    0x74  Code  Lc  heap0.o [2]
__basic_malloc               0x1041    0x18  Code  Gb  heap0.o [2]
__basic_malloc_intern        0x1059    0x94  Code  Lc  heap0.o [2]
__cexit_closeall             0x24af          Code  Gb  cexit.o [4]
__close                      0x2067    0x18  Code  Gb  close.o [5]
__cmain                      0x2485          Code  Gb  cmain.o [4]
__cstart_closeall            0x2634          Data  Gb  cstart_closeall.o [4]
__data_GetMemChunk           0x11b1    0x2c  Code  Gb  xgetmemchunk.o [2]
__data_GetMemChunk::start
                        0x2000'82f8     0x4  Data  Lc  xgetmemchunk.o [2]
__dwrite                     0x12b5    0x1e  Code  Gb  dwrite.o [5]
__exit                       0x24bd    0x14  Code  Gb  exit.o [5]
__iar_Memset                 0x18dd          Code  Gb  ABImemset.o [4]
__iar_Memset_word            0x18e5          Code  Gb  ABImemset.o [4]
__iar_Stderr            0x2000'00c8    0x48  Data  Gb  xfiles.o [2]
__iar_Stdin             0x2000'0038    0x48  Data  Gb  xfiles.o [2]
__iar_Stdout            0x2000'0080    0x48  Data  Gb  xfiles.o [2]
__iar_close_ttio             0x143d    0x2c  Code  Gb  iarttio.o [5]
__iar_data_init3             0x2371    0x28  Code  Gb  data_init.o [4]
__iar_get_ttio               0x1469    0x4c  Code  Gb  iarttio.o [5]
__iar_lookup_ttioh           0x14b9     0x8  Code  Gb  XShttio.o [2]
__iar_lz77_init_single3
                              0xdc7    0x76  Code  Gb  lz77_init_single.o [4]
__iar_program_start          0x2525          Code  Gb  cstartup_M.o [4]
__iar_sh_Discard             0x1371    0x42  Code  Gb  XShHandles.o [2]
__iar_sh_Move                0x13b3    0x46  Code  Gb  XShHandles.o [2]
__iar_sh_Pos                 0x13f9    0x40  Code  Gb  XShHandles.o [2]
__iar_sh_stdout              0x132d    0x20  Code  Gb  iarwstd.o [5]
__iar_sh_write               0x134d    0x22  Code  Gb  iarwrite.o [5]
__iar_ttio_handles      0x2000'0130     0x8  Data  Lc  XShttio.o [2]
__iar_unaligned_memcpy       0x1945          Code  Gb  ABImemcpy_unaligned.o [4]
__iar_unaligned_memcpy4
                             0x1965          Code  Gb  ABImemcpy_unaligned.o [4]
__iar_unaligned_memcpy8
                             0x1965          Code  Gb  ABImemcpy_unaligned.o [4]
__iar_zero_init3             0x2275    0x38  Code  Gb  zero_init3.o [4]
__isinff                      0xb19    0x40  Code  Gb  unity.o [1]
__low_level_init             0x24a3     0x4  Code  Gb  low_level_init.o [2]
__lseek                      0x12df    0x4e  Code  Gb  lseek.o [5]
__vector_table                  0x0          Data  Gb  vector_table_M.o [4]
__write                      0x11a1    0x10  Code  Gb  write.o [5]
_call_main                   0x2491          Code  Gb  cmain.o [4]
_exit                        0x24ad          Code  Gb  cexit.o [4]
eCurrentSensingAnalogReadmV
                             0x1537   0x15a  Code  Gb  mock_test_CurrentSensing.o [1]
eCurrentSensingAnalogReadmV_CMockExpectAndReturn
                             0x16b9    0x84  Code  Gb  mock_test_CurrentSensing.o [1]
eCurrentSensingAnalogReadmV_CMockIgnoreArg_pxVoltage
                             0x176b    0x26  Code  Gb  mock_test_CurrentSensing.o [1]
eCurrentSensingAnalogReadmV_CMockReturnMemThruPtr_pxVoltage
                             0x173d    0x2e  Code  Gb  mock_test_CurrentSensing.o [1]
eCurrentSensingGetCurrentmA
                             0x1c99    0x48  Code  Gb  CurrentSensing.o [1]
eResult                 0x2000'82fc     0x1  Data  Lc  test_CurrentSensing.o [1]
ebuf                    0x2000'8220    0x50  Data  Lc  xfiles.o [2]
exit                         0x24a7     0x4  Code  Gb  exit.o [2]
fclose                       0x1fe9    0x7e  Code  Gb  fclose.o [2]
fflush                       0x1009    0x34  Code  Gb  fflush.o [2]
fflushOne                     0xf95    0x74  Code  Lc  fflush.o [2]
fputc                         0xe89    0x56  Code  Gb  fputc.o [2]
free                         0x1fe5     0x4  Code  Gb  heaptramp0.o [2]
fseek                        0x117d    0x24  Code  Gb  fseek.o [2]
longjmp                       0xe75          Code  Gb  setjmp.o [3]
main                         0x1d0f   0x20a  Code  Gb  test_CurrentSensing_runner.o [1]
mock_test_CurrentSensing_Destroy
                             0x1507    0x30  Code  Gb  mock_test_CurrentSensing.o [1]
mock_test_CurrentSensing_Init
                             0x14ff     0x8  Code  Gb  mock_test_CurrentSensing.o [1]
mock_test_CurrentSensing_Verify
                             0x14c1    0x3e  Code  Gb  mock_test_CurrentSensing.o [1]
obuf                    0x2000'8270    0x50  Data  Lc  xfiles.o [2]
putchar                       0x9b1     0xc  Code  Gb  putchar.o [2]
remove                       0x207f    0x14  Code  Gb  remove.o [5]
sFileInfo               0x2000'8138    0x80  Data  Lc  XShHandles.o [2]
setUp                        0x19bd    0x1a  Code  Gb  test_CurrentSensing.o [1]
setjmp                        0xe65          Code  Gb  setjmp.o [3]
strlen                       0x2095          Code  Gb  strlen.o [4]
suite_setup                  0x1d0b     0x2  Code  Lc  test_CurrentSensing_runner.o [1]
suite_teardown               0x1d0d     0x2  Code  Lc  test_CurrentSensing_runner.o [1]
tearDown                     0x19d7     0x2  Code  Gb  test_CurrentSensing.o [1]
test_1_1_eCurrentSensingSet_m_1_to_b_0_SlopeEquation_Success
                             0x19d9    0x68  Code  Gb  test_CurrentSensing.o [1]
test_1_2_eCurrentSensingSet_m_2_to_b_1_SlopeEquation_Success
                             0x1a41    0x8c  Code  Gb  test_CurrentSensing.o [1]
test_1_3_eCurrentSensingSet_m_1_to_b_2_SlopeEquation_Success
                             0x1acd    0x8c  Code  Gb  test_CurrentSensing.o [1]
test_1_4_eCurrentSensingGetCurrentmA_Success
                             0x1b59    0x76  Code  Gb  test_CurrentSensing.o [1]
test_1_5_eCurrentSensing_Slope_negative_Fail
                             0x1bcf    0x34  Code  Gb  test_CurrentSensing.o [1]
test_1_6_eCurrentSensingGetCurrentmA_NullPointer_Fail
                             0x1c03    0x30  Code  Gb  test_CurrentSensing.o [1]
test_1_7_eCurrentSensingGetCurrentmA_AnalogReadmV_Fail
                             0x1c33    0x44  Code  Gb  test_CurrentSensing.o [1]
xCurrentInputScaling    0x2000'82d4     0x8  Data  Lc  test_CurrentSensing.o [1]
xMockStream             0x2000'82f0     0x4  Data  Lc  test_CurrentSensing.o [1]


[1] = C:\mpbComponent\mpbCurrentSensors\CurrentSensing\UnitTestFramework\build\test\out\c
[2] = dl7M_tlf.a
[3] = m7M_tl.a
[4] = rt7M_tl.a
[5] = shb_l.a

   8'658 bytes of readonly  code memory
   1'260 bytes of readonly  data memory
  36'605 bytes of readwrite data memory

Errors: none
Warnings: none
