###############################################################################
#
# IAR ELF Linker V9.10.1.308/W64 for ARM                  08/Feb/2022  15:55:10
# Copyright 2007-2021 IAR Systems AB.
#
#    Output file  =  build/test/out/test_CurrentSensing.out
#    Map file     =  build/test/tests.map
#    Command line =
#        --vfe --redirect _Printf=_PrintfFull --redirect _Scanf=_ScanfFull
#        --semihosting --config "C:\Program Files\IAR Systems\Embedded
#        Workbench 9.0\arm\config\generic_cortex.icf" --map
#        build/test/tests.map -o build/test/out/test_CurrentSensing.out
#        build/test/out/c/test_CurrentSensing_runner.o
#        build/test/out/c/test_CurrentSensing.o
#        build/test/out/c/mock_test_CurrentSensing.o
#        build/test/out/c/mock_mpbMathDivision.o build/test/out/c/unity.o
#        build/test/out/c/CurrentSensing.o build/test/out/c/cmock.o
#
###############################################################################

*******************************************************************************
*** RUNTIME MODEL ATTRIBUTES
***

CppFlavor                   = *
__Heap_Handler              = Basic
__SystemLibrary             = DLib
__dlib_jmp_buf_num_elements = 8
__dlib_version              = 6


*******************************************************************************
*** HEAP SELECTION
***

The basic heap was selected because some modules are built with
size limitations (and not runtime checking), and --advanced_heap
was not specified.


*******************************************************************************
*** PLACEMENT SUMMARY
***

"A0":  place at address 0x0 { ro section .intvec };
"P1":  place in [from 0x0 to 0x7'ffff] { ro };
define block CSTACK with size = 1K, alignment = 8 { };
define block PROC_STACK with size = 0, alignment = 8 { };
define block HEAP with size = 2K, alignment = 8 { };
"P2":  place in [from 0x2000'0000 to 0x2000'ffff] {
          rw, block CSTACK, block PROC_STACK, block HEAP };
initialize by copy { rw };

  Section            Kind         Address    Size  Object
  -------            ----         -------    ----  ------
"A0":                                        0x40
  .intvec            ro code          0x0    0x40  vector_table_M.o [4]
                                   - 0x40    0x40

"P1":                                      0x22b9
  .text              ro code         0x40   0x910  unity.o [1]
  .text              ro code        0x950     0xc  putchar.o [2]
  .text              ro code        0x95c    0x28  FltCmpLe.o [3]
  .text              ro code        0x984    0x1c  FltCmpEq.o [3]
  .text              ro code        0x9a0   0x118  FltDiv.o [3]
  .text              ro code        0xab8    0x40  unity.o [1]
  .text              ro code        0xaf8    0xd8  FltMul.o [3]
  .text              ro code        0xbd0    0x28  FltCmpGe.o [3]
  .text              ro code        0xbf8   0x16e  FltAddSub.o [3]
  .text              ro code        0xd66    0x76  lz77_init_single.o [4]
  .text              ro code        0xddc    0x26  FltToS32.o [3]
  .text              ro code        0xe02     0x2  vectortrap_M.o [4]
  .text              ro code        0xe04    0x24  setjmp.o [3]
  .text              ro code        0xe28    0x56  fputc.o [2]
  .text              ro code        0xe7e    0xb4  xfwprep.o [2]
  .text              ro code        0xf34    0xac  fflush.o [2]
  .text              ro code        0xfe0   0x13c  heap0.o [2]
  .text              ro code       0x111c    0x24  fseek.o [2]
  .text              ro code       0x1140    0x10  write.o [5]
  .text              ro code       0x1150    0x2c  xgetmemchunk.o [2]
  .text              ro code       0x117c    0xd8  xfspos.o [2]
  .text              ro code       0x1254    0x1e  dwrite.o [5]
  .text              ro code       0x1272     0xc  xfgpos.o [2]
  .text              ro code       0x127e    0x4e  lseek.o [5]
  .text              ro code       0x12cc    0x20  iarwstd.o [5]
  .text              ro code       0x12ec    0x22  iarwrite.o [5]
  .text              ro code       0x1310    0xcc  XShHandles.o [2]
  .text              ro code       0x13dc    0x7c  iarttio.o [5]
  .text              ro code       0x1458     0x8  XShttio.o [2]
  .text              ro code       0x1460   0x2e4  mock_test_CurrentSensing.o [1]
  .text              ro code       0x1744   0x108  cmock.o [1]
  .text              ro code       0x184c    0x66  ABImemset.o [4]
  .text              ro code       0x18b4    0x76  ABImemcpy_unaligned.o [4]
  .text              ro code       0x192c   0x14c  mock_mpbMathDivision.o [1]
  .text              ro code       0x1a78   0x104  test_CurrentSensing_runner.o [1]
  .text              ro code       0x1b7c    0xa8  test_CurrentSensing.o [1]
  .text              ro code       0x1c24    0x48  CurrentSensing.o [1]
  .text              ro code       0x1c6c    0x9c  xfofind.o [2]
  .text              ro code       0x1d08     0x4  heaptramp0.o [2]
  .text              ro code       0x1d0c    0x7e  fclose.o [2]
  .text              ro code       0x1d8a    0x18  close.o [5]
  .text              ro code       0x1da2    0x14  remove.o [5]
  .text              ro code       0x1db8    0x36  strlen.o [4]
  .text              ro code       0x1df0    0x40  xcloseall.o [2]
  .rodata            const         0x1e30    0x38  unity.o [1]
  .text              ro code       0x1e68    0x38  zero_init3.o [4]
  .rodata            const         0x1ea0    0x34  test_CurrentSensing_runner.o [1]
  .rodata            const         0x1ed4    0x34  test_CurrentSensing_runner.o [1]
  .rodata            const         0x1f08    0x34  cmock.o [1]
  .rodata            const         0x1f3c    0x30  cmock.o [1]
  .text              ro code       0x1f6c    0x28  data_init.o [4]
  .rodata            const         0x1f94    0x24  cmock.o [1]
  .rodata            const         0x1fb8    0x24  cmock.o [1]
  .iar.init_table    const         0x1fdc    0x20  - Linker created -
  .rodata            const         0x1ffc    0x20  unity.o [1]
  .rodata            const         0x201c    0x20  cmock.o [1]
  .rodata            const         0x203c    0x20  cmock.o [1]
  .text              ro code       0x205c    0x1e  cmain.o [4]
  .text              ro code       0x207a     0x4  low_level_init.o [2]
  .text              ro code       0x207e     0x4  exit.o [2]
  .text              ro code       0x2084     0xe  cexit.o [4]
  .text              ro code       0x2094    0x14  exit.o [5]
  .rodata            const         0x20a8    0x1c  mock_test_CurrentSensing.o [1]
  .rodata            const         0x20c4    0x1c  unity.o [1]
  .rodata            const         0x20e0    0x1c  cmock.o [1]
  .text              ro code       0x20fc    0x1c  cstartup_M.o [4]
  .rodata            const         0x2118    0x18  test_CurrentSensing_runner.o [1]
  .rodata            const         0x2130    0x18  mock_mpbMathDivision.o [1]
  .rodata            const         0x2148    0x18  mock_mpbMathDivision.o [1]
  .rodata            const         0x2160    0x18  unity.o [1]
  .rodata            const         0x2178    0x14  mock_mpbMathDivision.o [1]
  .rodata            const         0x218c    0x14  mock_mpbMathDivision.o [1]
  .rodata            const         0x21a0    0x14  unity.o [1]
  .rodata            const         0x21b4    0x14  cmock.o [1]
  .rodata            const         0x21c8    0x10  cmock.o [1]
  .rodata            const         0x21d8     0xc  mock_test_CurrentSensing.o [1]
  .rodata            const         0x21e4     0xc  unity.o [1]
  .rodata            const         0x21f0     0xc  unity.o [1]
  .rodata            const         0x21fc     0xc  unity.o [1]
  .rodata            const         0x2208     0xc  unity.o [1]
  .rodata            const         0x2214     0xc  unity.o [1]
  .rodata            const         0x2220     0xc  unity.o [1]
  .rodata            const         0x222c     0x8  mock_test_CurrentSensing.o [1]
  .rodata            const         0x2234     0x8  unity.o [1]
  .rodata            const         0x223c     0x8  unity.o [1]
  .rodata            const         0x2244     0x8  unity.o [1]
  .rodata            const         0x224c     0x8  unity.o [1]
  .rodata            const         0x2254     0x8  unity.o [1]
  .rodata            const         0x225c     0x4  unity.o [1]
  .rodata            const         0x2260     0x4  unity.o [1]
  .text              ro code       0x2264     0x0  cstart_closeall.o [4]
  .rodata            const         0x2264     0x0  zero_init3.o [4]
  .rodata            const         0x2264     0x0  lz77_init_single.o [4]
  Initializer bytes  const         0x2264    0x95  <for P2-1>
                                 - 0x22f9  0x22b9

"P2", part 1 of 3:                          0x144
  P2-1                        0x2000'0000   0x144  <Init block>
    .data            inited   0x2000'0000     0x4  mock_test_CurrentSensing.o [1]
    .data            inited   0x2000'0004     0x4  mock_test_CurrentSensing.o [1]
    .data            inited   0x2000'0008     0x4  mock_test_CurrentSensing.o [1]
    .data            inited   0x2000'000c     0x4  mock_mpbMathDivision.o [1]
    .data            inited   0x2000'0010     0x4  mock_mpbMathDivision.o [1]
    .data            inited   0x2000'0014     0x4  mock_mpbMathDivision.o [1]
    .data            inited   0x2000'0018     0x4  mock_mpbMathDivision.o [1]
    .data            inited   0x2000'001c     0x4  cmock.o [1]
    .data            inited   0x2000'0020     0x4  cmock.o [1]
    .data            inited   0x2000'0024     0x4  cmock.o [1]
    .data            inited   0x2000'0028     0x4  cmock.o [1]
    .data            inited   0x2000'002c     0x4  cmock.o [1]
    .data            inited   0x2000'0030     0x4  cmock.o [1]
    .data            inited   0x2000'0034     0x4  cmock.o [1]
    .data            inited   0x2000'0038     0x4  cmock.o [1]
    .data            inited   0x2000'003c     0x4  cmock.o [1]
    .data            inited   0x2000'0040     0x4  cmock.o [1]
    .data            inited   0x2000'0044    0x48  xfiles.o [2]
    .data            inited   0x2000'008c    0x48  xfiles.o [2]
    .data            inited   0x2000'00d4    0x48  xfiles.o [2]
    .data            inited   0x2000'011c    0x20  xfiles.o [2]
    .data            inited   0x2000'013c     0x8  XShttio.o [2]
                            - 0x2000'0144   0x144

"P2", part 2 of 3:                         0x8220
  .bss               zero     0x2000'0144  0x8000  cmock.o [1]
  .bss               zero     0x2000'8144    0x80  XShHandles.o [2]
  .bss               zero     0x2000'81c8    0x68  unity.o [1]
  .bss               zero     0x2000'8230    0x50  mock_mpbMathDivision.o [1]
  .bss               zero     0x2000'8280    0x50  xfiles.o [2]
  .bss               zero     0x2000'82d0    0x50  xfiles.o [2]
  .bss               zero     0x2000'8320    0x14  mock_test_CurrentSensing.o [1]
  .bss               zero     0x2000'8334     0xc  test_CurrentSensing.o [1]
  .bss               zero     0x2000'8340     0x8  heap0.o [2]
  .bss               zero     0x2000'8348     0x4  test_CurrentSensing_runner.o [1]
  .bss               zero     0x2000'834c     0x4  test_CurrentSensing_runner.o [1]
  .bss               zero     0x2000'8350     0x4  test_CurrentSensing_runner.o [1]
  .bss               zero     0x2000'8354     0x4  test_CurrentSensing.o [1]
  .bss               zero     0x2000'8358     0x4  cmock.o [1]
  .bss               zero     0x2000'835c     0x4  xgetmemchunk.o [2]
  .bss               zero     0x2000'8360     0x1  test_CurrentSensing.o [1]
                            - 0x2000'8361  0x821d

"P2", part 3 of 3:                          0xc00
  CSTACK                      0x2000'8368   0x400  <Block>
    CSTACK           uninit   0x2000'8368   0x400  <Block tail>
  HEAP                        0x2000'8768   0x800  <Block>
    HEAP             uninit   0x2000'8768   0x800  <Block tail>
                            - 0x2000'8f68   0xc00

Unused ranges:

         From           To      Size
         ----           --      ----
       0x22f9     0x7'ffff  0x7'dd07
  0x2000'8364  0x2000'8367       0x4
  0x2000'8f68  0x2000'ffff    0x7098


*******************************************************************************
*** INIT TABLE
***

          Address      Size
          -------      ----
Zero (__iar_zero_init3)
    1 destination range, total size 0x821d:
          0x2000'0144  0x821d

Copy/lz77 (__iar_lz77_init_single3)
    1 source range, total size 0x95 (45% of destination):
               0x2264    0x95
    1 destination range, total size 0x144:
          0x2000'0000   0x144



*******************************************************************************
*** MODULE SUMMARY
***

    Module                        ro code  ro data  rw data
    ------                        -------  -------  -------
command line/config:
    -------------------------------------------------------
    Total:

C:\mpbComponent\mpbCurrentSensors\CurrentSensing\UnitTestFramework\build\test\out\c: [1]
    CurrentSensing.o                   72
    cmock.o                           264      319   32'812
    mock_mpbMathDivision.o            332       95       96
    mock_test_CurrentSensing.o        740       53       32
    test_CurrentSensing.o             168                17
    test_CurrentSensing_runner.o      260      128       12
    unity.o                         2'384      280      104
    -------------------------------------------------------
    Total:                          4'220      875   33'073

dl7M_tlf.a: [2]
    XShHandles.o                      204               128
    XShttio.o                           8        4        8
    exit.o                              4
    fclose.o                          126
    fflush.o                          172
    fputc.o                            86
    fseek.o                            36
    heap0.o                           316                 8
    heaptramp0.o                        4
    low_level_init.o                    4
    putchar.o                          12
    xcloseall.o                        64
    xfgpos.o                           12
    xfiles.o                                   114      408
    xfofind.o                         156
    xfspos.o                          216
    xfwprep.o                         180
    xgetmemchunk.o                     44                 4
    -------------------------------------------------------
    Total:                          1'644      118      556

m7M_tl.a: [3]
    FltAddSub.o                       366
    FltCmpEq.o                         28
    FltCmpGe.o                         40
    FltCmpLe.o                         40
    FltDiv.o                          280
    FltMul.o                          216
    FltToS32.o                         38
    setjmp.o                           36
    -------------------------------------------------------
    Total:                          1'044

rt7M_tl.a: [4]
    ABImemcpy_unaligned.o             118
    ABImemset.o                       102
    cexit.o                            14
    cmain.o                            30
    cstart_closeall.o
    cstartup_M.o                       28
    data_init.o                        40
    lz77_init_single.o                118
    strlen.o                           54
    vector_table_M.o                   64
    vectortrap_M.o                      2
    zero_init3.o                       56
    -------------------------------------------------------
    Total:                            626

shb_l.a: [5]
    close.o                            24
    dwrite.o                           30
    exit.o                             20
    iarttio.o                         124
    iarwrite.o                         34
    iarwstd.o                          32
    lseek.o                            78
    remove.o                           20
    write.o                            16
    -------------------------------------------------------
    Total:                            378

    Gaps                               16                 4
    Linker created                              32    3'072
-----------------------------------------------------------
    Grand Total:                    7'928    1'025   36'705


*******************************************************************************
*** ENTRY LIST
***

Entry                       Address    Size  Type      Object
-----                       -------    ----  ----      ------
.iar.init_table$$Base        0x1fdc           --   Gb  - Linker created -
.iar.init_table$$Limit       0x1ffc           --   Gb  - Linker created -
?main                        0x205d          Code  Gb  cmain.o [4]
Aldata                  0x2000'8340     0x8  Data  Lc  heap0.o [2]
BusFault_Handler              0xe03          Code  Wk  vectortrap_M.o [4]
CMockExpectParameters_eCurrentSensingAnalogReadmV
                             0x1631    0x28  Code  Gb  mock_test_CurrentSensing.o [1]
CMockStringCalledEarly  0x2000'0028     0x4  Data  Gb  cmock.o [1]
CMockStringCalledLate   0x2000'002c     0x4  Data  Gb  cmock.o [1]
CMockStringCalledLess   0x2000'0024     0x4  Data  Gb  cmock.o [1]
CMockStringCalledMore   0x2000'0020     0x4  Data  Gb  cmock.o [1]
CMockStringExpNULL      0x2000'0038     0x4  Data  Gb  cmock.o [1]
CMockStringIgnPreExp    0x2000'0030     0x4  Data  Gb  cmock.o [1]
CMockStringMismatch     0x2000'003c     0x4  Data  Gb  cmock.o [1]
CMockStringOutOfMemory  0x2000'001c     0x4  Data  Gb  cmock.o [1]
CMockStringPtrIsNULL    0x2000'0034     0x4  Data  Gb  cmock.o [1]
CMockString_eCurrentSensingAnalogReadmV
                        0x2000'0000     0x4  Data  Lc  mock_test_CurrentSensing.o [1]
CMockString_eMpbMathDivisionDouble
                        0x2000'000c     0x4  Data  Lc  mock_mpbMathDivision.o [1]
CMockString_eMpbMathDivisionFloat
                        0x2000'0010     0x4  Data  Lc  mock_mpbMathDivision.o [1]
CMockString_eMpbMathDivisionS64
                        0x2000'0014     0x4  Data  Lc  mock_mpbMathDivision.o [1]
CMockString_eMpbMathDivisionU32
                        0x2000'0018     0x4  Data  Lc  mock_mpbMathDivision.o [1]
CMockString_pxVoltage   0x2000'0004     0x4  Data  Lc  mock_test_CurrentSensing.o [1]
CMockString_xStream     0x2000'0008     0x4  Data  Lc  mock_test_CurrentSensing.o [1]
CMock_Destroy                0x1aa3     0xc  Code  Lc  test_CurrentSensing_runner.o [1]
CMock_Guts_BufferArray  0x2000'0144  0x8000  Data  Lc  cmock.o [1]
CMock_Guts_BufferSize   0x2000'0040     0x4  Data  Lc  cmock.o [1]
CMock_Guts_FreePtr      0x2000'8358     0x4  Data  Lc  cmock.o [1]
CMock_Guts_GetAddressFor
                             0x181b    0x16  Code  Gb  cmock.o [1]
CMock_Guts_MemChain          0x1787    0x58  Code  Gb  cmock.o [1]
CMock_Guts_MemEndOfChain
                             0x1805    0x16  Code  Gb  cmock.o [1]
CMock_Guts_MemFreeAll        0x1831     0x8  Code  Gb  cmock.o [1]
CMock_Guts_MemFreeFinal
                             0x1839     0x8  Code  Gb  cmock.o [1]
CMock_Guts_MemNew            0x1745    0x42  Code  Gb  cmock.o [1]
CMock_Guts_MemNext           0x17df    0x26  Code  Gb  cmock.o [1]
CMock_Init                   0x1a79    0x1e  Code  Lc  test_CurrentSensing_runner.o [1]
CMock_Verify                 0x1a97     0xc  Code  Lc  test_CurrentSensing_runner.o [1]
CSTACK$$Base            0x2000'8368           --   Gb  - Linker created -
CSTACK$$Limit           0x2000'8768           --   Gb  - Linker created -
DebugMon_Handler              0xe03          Code  Wk  vectortrap_M.o [4]
GlobalExpectCount       0x2000'8348     0x4  Data  Gb  test_CurrentSensing_runner.o [1]
GlobalOrderError        0x2000'8350     0x4  Data  Gb  test_CurrentSensing_runner.o [1]
GlobalVerifyOrder       0x2000'834c     0x4  Data  Gb  test_CurrentSensing_runner.o [1]
HEAP$$Base              0x2000'8768           --   Gb  - Linker created -
HEAP$$Limit             0x2000'8f68           --   Gb  - Linker created -
HardFault_Handler             0xe03          Code  Wk  vectortrap_M.o [4]
MemManage_Handler             0xe03          Code  Wk  vectortrap_M.o [4]
Mock                    0x2000'8320    0x14  Data  Lc  mock_test_CurrentSensing.o [1]
Mock                    0x2000'8230    0x50  Data  Lc  mock_mpbMathDivision.o [1]
NMI_Handler                   0xe03          Code  Wk  vectortrap_M.o [4]
PendSV_Handler                0xe03          Code  Wk  vectortrap_M.o [4]
Region$$Table$$Base          0x1fdc           --   Gb  - Linker created -
Region$$Table$$Limit         0x1ffc           --   Gb  - Linker created -
SVC_Handler                   0xe03          Code  Wk  vectortrap_M.o [4]
SysTick_Handler               0xe03          Code  Wk  vectortrap_M.o [4]
Unity                   0x2000'81c8    0x68  Data  Gb  unity.o [1]
UnityAddMsgIfSpecified        0x3cb    0x4c  Code  Lc  unity.o [1]
UnityAssertEqualFloatArray
                              0x5a9    0xf8  Code  Gb  unity.o [1]
UnityAssertEqualMemory        0x6dd   0x124  Code  Gb  unity.o [1]
UnityAssertEqualNumber        0x46d    0x64  Code  Gb  unity.o [1]
UnityBegin                    0x885    0x2a  Code  Gb  unity.o [1]
UnityConcludeTest             0x389    0x42  Code  Gb  unity.o [1]
UnityEnd                      0x8af    0x5e  Code  Gb  unity.o [1]
UnityFail                     0x809    0x76  Code  Gb  unity.o [1]
UnityFloatsWithin             0x4d1    0xd8  Code  Lc  unity.o [1]
UnityIsOneArrayNull           0x425    0x48  Code  Lc  unity.o [1]
UnityPrint                     0x41    0x5e  Code  Gb  unity.o [1]
UnityPrintFloat               0x173   0x1cc  Code  Gb  unity.o [1]
UnityPrintNumber               0xe3    0x1a  Code  Gb  unity.o [1]
UnityPrintNumberByStyle
                               0x9f    0x44  Code  Gb  unity.o [1]
UnityPrintNumberHex           0x133    0x40  Code  Gb  unity.o [1]
UnityPrintNumberUnsigned
                               0xfd    0x36  Code  Gb  unity.o [1]
UnityStrBreaker              0x2160    0x18  Data  Lc  unity.o [1]
UnityStrByte                 0x224c     0x8  Data  Lc  unity.o [1]
UnityStrDetail1Name          0x2214     0xc  Data  Lc  unity.o [1]
UnityStrDetail2Name          0x2220     0xc  Data  Lc  unity.o [1]
UnityStrElement              0x21f0     0xc  Data  Lc  unity.o [1]
UnityStrExpected             0x21e4     0xc  Data  Lc  unity.o [1]
UnityStrFail                 0x223c     0x8  Data  Lc  unity.o [1]
UnityStrMemory               0x21a0    0x14  Data  Lc  unity.o [1]
UnityStrNullPointerForActual
                             0x20c4    0x1c  Data  Lc  unity.o [1]
UnityStrNullPointerForExpected
                             0x1ffc    0x20  Data  Lc  unity.o [1]
UnityStrOk                   0x225c     0x4  Data  Lc  unity.o [1]
UnityStrPass                 0x2234     0x8  Data  Lc  unity.o [1]
UnityStrPointless            0x1e30    0x38  Data  Lc  unity.o [1]
UnityStrResultsFailures
                             0x21fc     0xc  Data  Lc  unity.o [1]
UnityStrResultsIgnored       0x2208     0xc  Data  Lc  unity.o [1]
UnityStrResultsTests         0x2254     0x8  Data  Lc  unity.o [1]
UnityStrSpacer               0x2260     0x4  Data  Lc  unity.o [1]
UnityStrWas                  0x2244     0x8  Data  Lc  unity.o [1]
UnityTestResultsBegin         0x33f    0x2c  Code  Lc  unity.o [1]
UnityTestResultsFailBegin
                              0x36b    0x1e  Code  Lc  unity.o [1]
UsageFault_Handler            0xe03          Code  Wk  vectortrap_M.o [4]
_Close_all                   0x1df1    0x40  Code  Gb  xcloseall.o [2]
_Files                  0x2000'011c    0x20  Data  Gb  xfiles.o [2]
_Fofree                      0x1c6d    0x94  Code  Gb  xfofind.o [2]
_Fspos                       0x117d    0xd8  Code  Gb  xfspos.o [2]
_Fwprep                       0xe7f    0xb4  Code  Gb  xfwprep.o [2]
_Nnl                         0x1273     0xc  Code  Gb  xfgpos.o [2]
__aeabi_JMP_BUF_SIZE {Abs}
                                0x8           --   Gb  setjmp.o [3]
__aeabi_cfcmpeq               0x985          Code  Gb  FltCmpEq.o [3]
__aeabi_cfcmple               0x95d          Code  Gb  FltCmpLe.o [3]
__aeabi_cfrcmple              0xbd1          Code  Gb  FltCmpGe.o [3]
__aeabi_f2iz                  0xddd          Code  Gb  FltToS32.o [3]
__aeabi_fadd                  0xbf9          Code  Gb  FltAddSub.o [3]
__aeabi_fdiv                  0x9a1          Code  Gb  FltDiv.o [3]
__aeabi_fmul                  0xaf9          Code  Gb  FltMul.o [3]
__aeabi_fsub                  0xcd9          Code  Gb  FltAddSub.o [3]
__aeabi_memset               0x184d          Code  Gb  ABImemset.o [4]
__basic_free                 0x108d    0x16  Code  Gb  heap0.o [2]
__basic_free_intern          0x10a3    0x74  Code  Lc  heap0.o [2]
__basic_malloc                0xfe1    0x18  Code  Gb  heap0.o [2]
__basic_malloc_intern         0xff9    0x94  Code  Lc  heap0.o [2]
__cexit_closeall             0x2087          Code  Gb  cexit.o [4]
__close                      0x1d8b    0x18  Code  Gb  close.o [5]
__cmain                      0x205d          Code  Gb  cmain.o [4]
__cstart_closeall            0x2264          Data  Gb  cstart_closeall.o [4]
__data_GetMemChunk           0x1151    0x2c  Code  Gb  xgetmemchunk.o [2]
__data_GetMemChunk::start
                        0x2000'835c     0x4  Data  Lc  xgetmemchunk.o [2]
__dwrite                     0x1255    0x1e  Code  Gb  dwrite.o [5]
__exit                       0x2095    0x14  Code  Gb  exit.o [5]
__iar_Memset                 0x184d          Code  Gb  ABImemset.o [4]
__iar_Memset_word            0x1855          Code  Gb  ABImemset.o [4]
__iar_Stderr            0x2000'00d4    0x48  Data  Gb  xfiles.o [2]
__iar_Stdin             0x2000'0044    0x48  Data  Gb  xfiles.o [2]
__iar_Stdout            0x2000'008c    0x48  Data  Gb  xfiles.o [2]
__iar_close_ttio             0x13dd    0x2c  Code  Gb  iarttio.o [5]
__iar_data_init3             0x1f6d    0x28  Code  Gb  data_init.o [4]
__iar_get_ttio               0x1409    0x4c  Code  Gb  iarttio.o [5]
__iar_lookup_ttioh           0x1459     0x8  Code  Gb  XShttio.o [2]
__iar_lz77_init_single3
                              0xd67    0x76  Code  Gb  lz77_init_single.o [4]
__iar_program_start          0x20fd          Code  Gb  cstartup_M.o [4]
__iar_sh_Discard             0x1311    0x42  Code  Gb  XShHandles.o [2]
__iar_sh_Move                0x1353    0x46  Code  Gb  XShHandles.o [2]
__iar_sh_Pos                 0x1399    0x40  Code  Gb  XShHandles.o [2]
__iar_sh_stdout              0x12cd    0x20  Code  Gb  iarwstd.o [5]
__iar_sh_write               0x12ed    0x22  Code  Gb  iarwrite.o [5]
__iar_ttio_handles      0x2000'013c     0x8  Data  Lc  XShttio.o [2]
__iar_unaligned_memcpy       0x18b5          Code  Gb  ABImemcpy_unaligned.o [4]
__iar_unaligned_memcpy4
                             0x18d5          Code  Gb  ABImemcpy_unaligned.o [4]
__iar_unaligned_memcpy8
                             0x18d5          Code  Gb  ABImemcpy_unaligned.o [4]
__iar_zero_init3             0x1e69    0x38  Code  Gb  zero_init3.o [4]
__isinff                      0xab9    0x40  Code  Gb  unity.o [1]
__low_level_init             0x207b     0x4  Code  Gb  low_level_init.o [2]
__lseek                      0x127f    0x4e  Code  Gb  lseek.o [5]
__vector_table                  0x0          Data  Gb  vector_table_M.o [4]
__write                      0x1141    0x10  Code  Gb  write.o [5]
_call_main                   0x2069          Code  Gb  cmain.o [4]
_exit                        0x2085          Code  Gb  cexit.o [4]
eCurrentSensingAnalogReadmV
                             0x14d7   0x15a  Code  Gb  mock_test_CurrentSensing.o [1]
eCurrentSensingAnalogReadmV_CMockExpectAndReturn
                             0x1659    0x84  Code  Gb  mock_test_CurrentSensing.o [1]
eCurrentSensingAnalogReadmV_CMockIgnoreArg_pxVoltage
                             0x16dd    0x26  Code  Gb  mock_test_CurrentSensing.o [1]
eCurrentSensingGetCurrentmA
                             0x1c25    0x48  Code  Gb  CurrentSensing.o [1]
eResult                 0x2000'8360     0x1  Data  Lc  test_CurrentSensing.o [1]
ebuf                    0x2000'8280    0x50  Data  Lc  xfiles.o [2]
exit                         0x207f     0x4  Code  Gb  exit.o [2]
fclose                       0x1d0d    0x7e  Code  Gb  fclose.o [2]
fflush                        0xfa9    0x34  Code  Gb  fflush.o [2]
fflushOne                     0xf35    0x74  Code  Lc  fflush.o [2]
fputc                         0xe29    0x56  Code  Gb  fputc.o [2]
free                         0x1d09     0x4  Code  Gb  heaptramp0.o [2]
fseek                        0x111d    0x24  Code  Gb  fseek.o [2]
longjmp                       0xe15          Code  Gb  setjmp.o [3]
main                         0x1ab3    0xac  Code  Gb  test_CurrentSensing_runner.o [1]
mock_mpbMathDivision_Destroy
                             0x1a0b    0x48  Code  Gb  mock_mpbMathDivision.o [1]
mock_mpbMathDivision_Init
                             0x1a03     0x8  Code  Gb  mock_mpbMathDivision.o [1]
mock_mpbMathDivision_Verify
                             0x192d    0xd6  Code  Gb  mock_mpbMathDivision.o [1]
mock_test_CurrentSensing_Destroy
                             0x14a7    0x30  Code  Gb  mock_test_CurrentSensing.o [1]
mock_test_CurrentSensing_Init
                             0x149f     0x8  Code  Gb  mock_test_CurrentSensing.o [1]
mock_test_CurrentSensing_Verify
                             0x1461    0x3e  Code  Gb  mock_test_CurrentSensing.o [1]
obuf                    0x2000'82d0    0x50  Data  Lc  xfiles.o [2]
putchar                       0x951     0xc  Code  Gb  putchar.o [2]
remove                       0x1da3    0x14  Code  Gb  remove.o [5]
sFileInfo               0x2000'8144    0x80  Data  Lc  XShHandles.o [2]
setUp                        0x1b7d    0x1e  Code  Gb  test_CurrentSensing.o [1]
setjmp                        0xe05          Code  Gb  setjmp.o [3]
strlen                       0x1db9          Code  Gb  strlen.o [4]
suite_setup                  0x1aaf     0x2  Code  Lc  test_CurrentSensing_runner.o [1]
suite_teardown               0x1ab1     0x2  Code  Lc  test_CurrentSensing_runner.o [1]
tearDown                     0x1b9b     0x2  Code  Gb  test_CurrentSensing.o [1]
test_eCurrentSensingGetCurrentmA_AnalogReadmV_Fail
                             0x1bcb    0x42  Code  Gb  test_CurrentSensing.o [1]
test_eCurrentSensingGetCurrentmA_NullPointer_Fail
                             0x1b9d    0x2e  Code  Gb  test_CurrentSensing.o [1]
xCurrentInputScaling    0x2000'8334     0xc  Data  Lc  test_CurrentSensing.o [1]
xMockStream             0x2000'8354     0x4  Data  Lc  test_CurrentSensing.o [1]


[1] = C:\mpbComponent\mpbCurrentSensors\CurrentSensing\UnitTestFramework\build\test\out\c
[2] = dl7M_tlf.a
[3] = m7M_tl.a
[4] = rt7M_tl.a
[5] = shb_l.a

   7'928 bytes of readonly  code memory
   1'025 bytes of readonly  data memory
  36'705 bytes of readwrite data memory

Errors: none
Warnings: none
